###############################################################################
#
# IAR ELF Linker V7.30.4.8167/W32 for ARM                 17/Jul/2018  09:05:29
# Copyright 2007-2014 IAR Systems AB.
#
#    Output file  =  
#        D:\Nasir\MarvElectronic\rtu_mini\EWARM\rtu_mini\Exe\rtu_mini.out
#    Map file     =  
#        D:\Nasir\MarvElectronic\rtu_mini\EWARM\rtu_mini/List\rtu_mini.map
#    Command line =  
#        D:\Nasir\MarvElectronic\rtu_mini\EWARM\rtu_mini\Obj\diskio.o
#        D:\Nasir\MarvElectronic\rtu_mini\EWARM\rtu_mini\Obj\eeprom_ext.o
#        D:\Nasir\MarvElectronic\rtu_mini\EWARM\rtu_mini\Obj\fatfs.o
#        D:\Nasir\MarvElectronic\rtu_mini\EWARM\rtu_mini\Obj\ff.o
#        D:\Nasir\MarvElectronic\rtu_mini\EWARM\rtu_mini\Obj\ff_gen_drv.o
#        D:\Nasir\MarvElectronic\rtu_mini\EWARM\rtu_mini\Obj\gsm.o
#        D:\Nasir\MarvElectronic\rtu_mini\EWARM\rtu_mini\Obj\input_menu.o
#        D:\Nasir\MarvElectronic\rtu_mini\EWARM\rtu_mini\Obj\interrupt.o
#        D:\Nasir\MarvElectronic\rtu_mini\EWARM\rtu_mini\Obj\ir.o
#        D:\Nasir\MarvElectronic\rtu_mini\EWARM\rtu_mini\Obj\lcdlib.o
#        D:\Nasir\MarvElectronic\rtu_mini\EWARM\rtu_mini\Obj\main.o
#        D:\Nasir\MarvElectronic\rtu_mini\EWARM\rtu_mini\Obj\main_func.o
#        D:\Nasir\MarvElectronic\rtu_mini\EWARM\rtu_mini\Obj\my_delay.o
#        D:\Nasir\MarvElectronic\rtu_mini\EWARM\rtu_mini\Obj\rtc.o
#        D:\Nasir\MarvElectronic\rtu_mini\EWARM\rtu_mini\Obj\sdi12.o
#        D:\Nasir\MarvElectronic\rtu_mini\EWARM\rtu_mini\Obj\serialflash.o
#        D:\Nasir\MarvElectronic\rtu_mini\EWARM\rtu_mini\Obj\startup_stm32f103xb.o
#        D:\Nasir\MarvElectronic\rtu_mini\EWARM\rtu_mini\Obj\stm32f1xx_hal.o
#        D:\Nasir\MarvElectronic\rtu_mini\EWARM\rtu_mini\Obj\stm32f1xx_hal_adc.o
#        D:\Nasir\MarvElectronic\rtu_mini\EWARM\rtu_mini\Obj\stm32f1xx_hal_adc_ex.o
#        D:\Nasir\MarvElectronic\rtu_mini\EWARM\rtu_mini\Obj\stm32f1xx_hal_cortex.o
#        D:\Nasir\MarvElectronic\rtu_mini\EWARM\rtu_mini\Obj\stm32f1xx_hal_dma.o
#        D:\Nasir\MarvElectronic\rtu_mini\EWARM\rtu_mini\Obj\stm32f1xx_hal_flash.o
#        D:\Nasir\MarvElectronic\rtu_mini\EWARM\rtu_mini\Obj\stm32f1xx_hal_flash_ex.o
#        D:\Nasir\MarvElectronic\rtu_mini\EWARM\rtu_mini\Obj\stm32f1xx_hal_gpio.o
#        D:\Nasir\MarvElectronic\rtu_mini\EWARM\rtu_mini\Obj\stm32f1xx_hal_gpio_ex.o
#        D:\Nasir\MarvElectronic\rtu_mini\EWARM\rtu_mini\Obj\stm32f1xx_hal_iwdg.o
#        D:\Nasir\MarvElectronic\rtu_mini\EWARM\rtu_mini\Obj\stm32f1xx_hal_msp.o
#        D:\Nasir\MarvElectronic\rtu_mini\EWARM\rtu_mini\Obj\stm32f1xx_hal_pcd.o
#        D:\Nasir\MarvElectronic\rtu_mini\EWARM\rtu_mini\Obj\stm32f1xx_hal_pcd_ex.o
#        D:\Nasir\MarvElectronic\rtu_mini\EWARM\rtu_mini\Obj\stm32f1xx_hal_pwr.o
#        D:\Nasir\MarvElectronic\rtu_mini\EWARM\rtu_mini\Obj\stm32f1xx_hal_rcc.o
#        D:\Nasir\MarvElectronic\rtu_mini\EWARM\rtu_mini\Obj\stm32f1xx_hal_rcc_ex.o
#        D:\Nasir\MarvElectronic\rtu_mini\EWARM\rtu_mini\Obj\stm32f1xx_hal_rtc.o
#        D:\Nasir\MarvElectronic\rtu_mini\EWARM\rtu_mini\Obj\stm32f1xx_hal_rtc_ex.o
#        D:\Nasir\MarvElectronic\rtu_mini\EWARM\rtu_mini\Obj\stm32f1xx_hal_spi.o
#        D:\Nasir\MarvElectronic\rtu_mini\EWARM\rtu_mini\Obj\stm32f1xx_hal_spi_ex.o
#        D:\Nasir\MarvElectronic\rtu_mini\EWARM\rtu_mini\Obj\stm32f1xx_hal_tim.o
#        D:\Nasir\MarvElectronic\rtu_mini\EWARM\rtu_mini\Obj\stm32f1xx_hal_tim_ex.o
#        D:\Nasir\MarvElectronic\rtu_mini\EWARM\rtu_mini\Obj\stm32f1xx_hal_uart.o
#        D:\Nasir\MarvElectronic\rtu_mini\EWARM\rtu_mini\Obj\stm32f1xx_it.o
#        D:\Nasir\MarvElectronic\rtu_mini\EWARM\rtu_mini\Obj\stm32f1xx_ll_usb.o
#        D:\Nasir\MarvElectronic\rtu_mini\EWARM\rtu_mini\Obj\syscall.o
#        D:\Nasir\MarvElectronic\rtu_mini\EWARM\rtu_mini\Obj\system_stm32f1xx.o
#        D:\Nasir\MarvElectronic\rtu_mini\EWARM\rtu_mini\Obj\usb_device.o
#        D:\Nasir\MarvElectronic\rtu_mini\EWARM\rtu_mini\Obj\usbd_conf.o
#        D:\Nasir\MarvElectronic\rtu_mini\EWARM\rtu_mini\Obj\usbd_core.o
#        D:\Nasir\MarvElectronic\rtu_mini\EWARM\rtu_mini\Obj\usbd_ctlreq.o
#        D:\Nasir\MarvElectronic\rtu_mini\EWARM\rtu_mini\Obj\usbd_desc.o
#        D:\Nasir\MarvElectronic\rtu_mini\EWARM\rtu_mini\Obj\usbd_ioreq.o
#        D:\Nasir\MarvElectronic\rtu_mini\EWARM\rtu_mini\Obj\usbd_msc.o
#        D:\Nasir\MarvElectronic\rtu_mini\EWARM\rtu_mini\Obj\usbd_msc_bot.o
#        D:\Nasir\MarvElectronic\rtu_mini\EWARM\rtu_mini\Obj\usbd_msc_data.o
#        D:\Nasir\MarvElectronic\rtu_mini\EWARM\rtu_mini\Obj\usbd_msc_scsi.o
#        D:\Nasir\MarvElectronic\rtu_mini\EWARM\rtu_mini\Obj\usbd_storage_if.o
#        D:\Nasir\MarvElectronic\rtu_mini\EWARM\rtu_mini\Obj\user_diskio.o
#        --redirect _Printf=_PrintfFull --redirect _Scanf=_ScanfFull -o
#        D:\Nasir\MarvElectronic\rtu_mini\EWARM\rtu_mini\Exe\rtu_mini.out --map
#        D:\Nasir\MarvElectronic\rtu_mini\EWARM\rtu_mini/List\rtu_mini.map
#        --config D:\Nasir\MarvElectronic\rtu_mini\EWARM/stm32f103xb_flash.icf
#        --semihosting --entry __iar_program_start --vfe
#
###############################################################################

*******************************************************************************
*** RUNTIME MODEL ATTRIBUTES
***

CppFlavor       = *
__SystemLibrary = DLib


*******************************************************************************
*** PLACEMENT SUMMARY
***

"A1":  place at 0x08000000 { ro section .intvec };
"P1":  place in [from 0x08000000 to 0x0801ffff] { ro };
"P2":  place in [from 0x20000000 to 0x20004fff] { rw, block CSTACK, block HEAP };

  Section            Kind        Address    Size  Object
  -------            ----        -------    ----  ------
"A1":                                       0xec
  .intvec            ro code  0x08000000    0xec  startup_stm32f103xb.o [1]
                            - 0x080000ec    0xec

"P1":                                     0xb4dc
  .text              ro code  0x080000ec  0x206c  gsm.o [1]
  .text              ro code  0x08002158    0x36  strlen.o [5]
  .text              ro code  0x0800218e    0x2e  copy_init3.o [5]
  .text              ro code  0x080021bc   0x2bc  stm32f1xx_hal_uart.o [1]
  .text              ro code  0x08002478   0x15c  lcdlib.o [1]
  .text              ro code  0x080025d4    0x34  sprintf.o [3]
  .text              ro code  0x08002608    0x76  ABImemcpy_unaligned.o [5]
  .text              ro code  0x0800267e    0x22  zero_init3.o [5]
  .text              ro code  0x080026a0    0x62  memcmp_unaligned.o [5]
  .text              ro code  0x08002702     0xa  xsprout.o [3]
  .text              ro code  0x0800270c   0x698  main_func.o [1]
  .text              ro code  0x08002da4    0x42  strcmp_unaligned.o [5]
  .text              ro code  0x08002de8    0x2c  my_delay.o [1]
  .text              ro code  0x08002e14    0x44  strcpy_unaligned.o [5]
  .text              ro code  0x08002e58    0xe8  eeprom_ext.o [1]
  .text              ro code  0x08002f40   0x120  stm32f1xx_hal_cortex.o [1]
  .text              ro code  0x08003060   0x304  rtc.o [1]
  .text              ro code  0x08003364    0x1c  strcat.o [3]
  .text              ro code  0x08003380    0x1e  I32ToFlt.o [4]
  .text              ro code  0x080033a0    0xfc  FltDiv.o [4]
  .text              ro code  0x0800349c    0x84  FltAdd.o [4]
  .text              ro code  0x08003520    0x4e  FltToDbl.o [4]
  .text              ro code  0x08003570  0x15f0  ff.o [1]
  .text              ro code  0x08004b60   0x280  stm32f1xx_hal_msp.o [1]
  .text              ro code  0x08004de0    0x74  stm32f1xx_hal.o [1]
  .text              ro code  0x08004e54   0x4a6  stm32f1xx_hal_rcc.o [1]
  .text              ro code  0x080052fc   0xdaa  xprintffull.o [3]
  .text              ro code  0x080060a8    0x44  FltToS32.o [4]
  .text              ro code  0x080060ec    0xe6  FltSub.o [4]
  .text              ro code  0x080061d4    0xd8  FltMul.o [4]
  .text              ro code  0x080062ac   0x1a8  sdi12.o [1]
  .text              ro code  0x08006454    0x66  ABImemset.o [5]
  .text              ro code  0x080064bc   0x30c  interrupt.o [1]
  .text              ro code  0x080067c8    0x74  diskio.o [1]
  .text              ro code  0x0800683c    0x1c  fatfs.o [1]
  .text              ro code  0x08006858   0x288  stm32f1xx_hal_gpio.o [1]
  .text              ro code  0x08006ae0    0x10  stm32f1xx_hal_pwr.o [1]
  .text              ro code  0x08006af0   0x2c4  stm32f1xx_hal_dma.o [1]
  .text              ro code  0x08006db4   0x5e8  main.o [1]
  .text              ro code  0x0800739c    0x16  strchr.o [5]
  .text              ro code  0x080073b4    0x58  memchr.o [5]
  .text              ro code  0x0800740c    0xee  I64DivMod.o [5]
  .text              ro code  0x080074fa    0x42  xdnorm.o [4]
  .text              ro code  0x0800753c    0x2e  DblCmpLe.o [4]
  .text              ro code  0x0800756c    0x2e  DblCmpGe.o [4]
  .text              ro code  0x0800759c   0x110  xdscale.o [4]
  .text              ro code  0x080076ac    0x58  DblToI32.o [4]
  .text              ro code  0x08007704    0x30  I32ToDbl.o [4]
  .text              ro code  0x08007734   0x180  DblSub.o [4]
  .text              ro code  0x080078b4   0x1a2  DblMul.o [4]
  .text              ro code  0x08007a58   0x246  DblDiv.o [4]
  .text              ro code  0x08007c9e     0xe  div.o [3]
  .text              ro code  0x08007cac    0x44  ff_gen_drv.o [1]
  .text              ro code  0x08007cf0   0x246  stm32f1xx_hal_adc.o [1]
  .text              ro code  0x08007f38    0x8c  stm32f1xx_hal_spi_ex.o [1]
  .text              ro code  0x08007fc4    0x38  usb_device.o [1]
  .text              ro code  0x08007ffc    0x56  stm32f1xx_hal_iwdg.o [1]
  .text              ro code  0x08008054   0x1a2  stm32f1xx_hal_rcc_ex.o [1]
  .text              ro code  0x080081f8   0x358  stm32f1xx_hal_rtc.o [1]
  .text              ro code  0x08008550    0x18  stm32f1xx_hal_rtc_ex.o [1]
  .text              ro code  0x08008568   0x346  stm32f1xx_hal_tim.o [1]
  .text              ro code  0x080088b0    0x5a  stm32f1xx_hal_tim_ex.o [1]
  .text              ro code  0x0800890c     0x2  I64DivZer.o [5]
  .text              ro code  0x08008910    0xd4  DblAdd.o [4]
  .text              ro code  0x080089e4   0x248  usbd_core.o [1]
  .text              ro code  0x08008c2c   0x19e  usbd_msc.o [1]
  .text              ro code  0x08008dcc   0x278  usbd_conf.o [1]
  .text              ro code  0x08009044   0x3c6  usbd_ctlreq.o [1]
  .text              ro code  0x0800940a    0x4e  usbd_ioreq.o [1]
  .text              ro code  0x08009458   0x214  usbd_msc_bot.o [1]
  .text              ro code  0x0800966c   0x6b2  stm32f1xx_hal_pcd.o [1]
  .text              ro code  0x08009d1e    0x32  stm32f1xx_hal_pcd_ex.o [1]
  .text              ro code  0x08009d50   0x58a  usbd_msc_scsi.o [1]
  .text              ro code  0x0800a2da   0x644  stm32f1xx_ll_usb.o [1]
  .text              ro code  0x0800a920     0x6  ABImemclr4.o [5]
  .text              ro code  0x0800a928    0x32  ABImemset48.o [5]
  .text              ro code  0x0800a95c   0x5b0  stm32f1xx_hal_spi.o [1]
  .text              ro code  0x0800af0c   0x20c  serialflash.o [1]
  .text              ro code  0x0800b118    0xac  usbd_desc.o [1]
  .text              ro code  0x0800b1c4    0x5c  system_stm32f1xx.o [1]
  .text              ro code  0x0800b220    0x52  user_diskio.o [1]
  .text              ro code  0x0800b274    0x48  stm32f1xx_it.o [1]
  .text              ro code  0x0800b2bc    0x48  usbd_storage_if.o [1]
  .text              ro code  0x0800b304    0x28  data_init.o [5]
  .rodata            const    0x0800b32c    0x24  usbd_storage_if.o [1]
  .iar.init_table    const    0x0800b350    0x24  - Linker created -
  .text              ro code  0x0800b374    0x1a  cmain.o [5]
  .text              ro code  0x0800b38e     0x4  low_level_init.o [3]
  .text              ro code  0x0800b392     0x4  exit.o [3]
  .text              ro code  0x0800b398     0xa  cexit.o [5]
  .text              ro code  0x0800b3a4    0x14  exit.o [6]
  .rodata            const    0x0800b3b8    0x18  usbd_msc_data.o [1]
  .text              ro code  0x0800b3d0    0x10  startup_stm32f103xb.o [1]
  .text              ro code  0x0800b3e0     0xc  cstartup_M.o [5]
  .rodata            const    0x0800b3ec     0x8  system_stm32f1xx.o [1]
  .rodata            const    0x0800b3f4     0x4  main.o [1]
  .text              ro code  0x0800b3f8     0x4  startup_stm32f103xb.o [1]
  .text              ro code  0x0800b3fc     0x4  startup_stm32f103xb.o [1]
  .text              ro code  0x0800b400     0x4  startup_stm32f103xb.o [1]
  .text              ro code  0x0800b404     0x4  startup_stm32f103xb.o [1]
  .text              ro code  0x0800b408     0x4  startup_stm32f103xb.o [1]
  .text              ro code  0x0800b40c     0x4  startup_stm32f103xb.o [1]
  .text              ro code  0x0800b410     0x4  startup_stm32f103xb.o [1]
  .text              ro code  0x0800b414     0x4  startup_stm32f103xb.o [1]
  .text              ro code  0x0800b418     0x4  startup_stm32f103xb.o [1]
  .text              ro code  0x0800b41c     0x4  startup_stm32f103xb.o [1]
  .text              ro code  0x0800b420     0x4  startup_stm32f103xb.o [1]
  .text              ro code  0x0800b424     0x4  startup_stm32f103xb.o [1]
  .text              ro code  0x0800b428     0x4  startup_stm32f103xb.o [1]
  .text              ro code  0x0800b42c     0x4  startup_stm32f103xb.o [1]
  .text              ro code  0x0800b430     0x4  startup_stm32f103xb.o [1]
  .text              ro code  0x0800b434     0x4  startup_stm32f103xb.o [1]
  .text              ro code  0x0800b438     0x4  startup_stm32f103xb.o [1]
  .text              ro code  0x0800b43c     0x4  startup_stm32f103xb.o [1]
  .text              ro code  0x0800b440     0x4  startup_stm32f103xb.o [1]
  .text              ro code  0x0800b444     0x4  startup_stm32f103xb.o [1]
  .text              ro code  0x0800b448     0x4  startup_stm32f103xb.o [1]
  .text              ro code  0x0800b44c     0x4  startup_stm32f103xb.o [1]
  .text              ro code  0x0800b450     0x4  startup_stm32f103xb.o [1]
  .text              ro code  0x0800b454     0x4  startup_stm32f103xb.o [1]
  .text              ro code  0x0800b458     0x4  startup_stm32f103xb.o [1]
  .text              ro code  0x0800b45c     0x4  startup_stm32f103xb.o [1]
  .text              ro code  0x0800b460     0x4  startup_stm32f103xb.o [1]
  .text              ro code  0x0800b464     0x4  startup_stm32f103xb.o [1]
  .text              ro code  0x0800b468     0x4  startup_stm32f103xb.o [1]
  .text              ro code  0x0800b46c     0x4  startup_stm32f103xb.o [1]
  .text              ro code  0x0800b470     0x4  startup_stm32f103xb.o [1]
  .text              ro code  0x0800b474     0x4  startup_stm32f103xb.o [1]
  .text              ro code  0x0800b478     0x4  startup_stm32f103xb.o [1]
  .text              ro code  0x0800b47c     0x4  startup_stm32f103xb.o [1]
  .text              ro code  0x0800b480     0x4  startup_stm32f103xb.o [1]
  .text              ro code  0x0800b484     0x4  startup_stm32f103xb.o [1]
  .text              ro code  0x0800b488     0x4  startup_stm32f103xb.o [1]
  .text              ro code  0x0800b48c     0x4  startup_stm32f103xb.o [1]
  .text              ro code  0x0800b490     0x4  startup_stm32f103xb.o [1]
  .rodata            const    0x0800b494     0x0  zero_init3.o [5]
  .rodata            const    0x0800b494     0x0  copy_init3.o [5]
  Initializer bytes  const    0x0800b494   0x134  <for P2 s0>
                            - 0x0800b5c8  0xb4dc

"P2":                                     0x27a0
  P2 s0                       0x20000000   0x134  <Init block>
    .data            inited   0x20000000    0x38  usbd_msc.o [1]
    .data            inited   0x20000038    0x20  main.o [1]
    .data            inited   0x20000058    0x20  usbd_msc.o [1]
    .data            inited   0x20000078    0x20  usbd_msc.o [1]
    .data            inited   0x20000098    0x20  usbd_msc.o [1]
    .data            inited   0x200000b8    0x20  usbd_storage_if.o [1]
    .data            inited   0x200000d8    0x1c  usbd_desc.o [1]
    .data            inited   0x200000f4    0x14  usbd_desc.o [1]
    .data            inited   0x20000108    0x14  user_diskio.o [1]
    .data            inited   0x2000011c     0xc  usbd_msc.o [1]
    .data            inited   0x20000128     0x4  system_stm32f1xx.o [1]
    .data            inited   0x2000012c     0x4  usbd_desc.o [1]
    .data            inited   0x20000130     0x2  main.o [1]
    .data            inited   0x20000132     0x2  main.o [1]
  .bss               zero     0x20000134   0x544  main.o [1]
  .bss               zero     0x20000678   0x520  main.o [1]
  .bss               zero     0x20000b98   0x458  main.o [1]
  .bss               zero     0x20000ff0   0x420  usbd_conf.o [1]
  .bss               zero     0x20001410   0x270  usbd_conf.o [1]
  .bss               zero     0x20001680   0x230  main.o [1]
  .bss               zero     0x200018b0   0x224  usb_device.o [1]
  .bss               zero     0x20001ad4   0x20c  serialflash.o [1]
  .bss               zero     0x20001ce0   0x200  usbd_desc.o [1]
  .bss               zero     0x20001ee0    0xfc  main.o [1]
  .bss               zero     0x20001fdc    0x64  main.o [1]
  .bss               zero     0x20002040    0x64  main.o [1]
  .bss               zero     0x200020a4    0x50  main.o [1]
  .bss               zero     0x200020f4    0x3c  main.o [1]
  .bss               zero     0x20002130    0x3c  main.o [1]
  .bss               zero     0x2000216c    0x38  main.o [1]
  .bss               zero     0x200021a4    0x34  main.o [1]
  .bss               zero     0x200021d8    0x34  main.o [1]
  .bss               zero     0x2000220c    0x20  main.o [1]
  .bss               zero     0x2000222c    0x20  main.o [1]
  .bss               zero     0x2000224c    0x20  main.o [1]
  .bss               zero     0x2000226c    0x20  main.o [1]
  .bss               zero     0x2000228c    0x18  ff.o [1]
  .bss               zero     0x200022a4    0x14  main.o [1]
  .bss               zero     0x200022b8    0x14  main.o [1]
  .bss               zero     0x200022cc    0x14  main.o [1]
  .bss               zero     0x200022e0    0x14  main.o [1]
  .bss               zero     0x200022f4    0x10  sdi12.o [1]
  .bss               zero     0x20002304     0xe  rtc.o [1]
  .bss               zero     0x20002312     0x2  interrupt.o [1]
  .bss               zero     0x20002314     0xc  ff_gen_drv.o [1]
  .bss               zero     0x20002320     0xc  main.o [1]
  .bss               zero     0x2000232c     0x8  fatfs.o [1]
  .bss               zero     0x20002334     0x8  ff.o [1]
  .bss               zero     0x2000233c     0x4  main.o [1]
  .bss               zero     0x20002340     0x4  main.o [1]
  .bss               zero     0x20002344     0x4  main.o [1]
  .bss               zero     0x20002348     0x4  main.o [1]
  .bss               zero     0x2000234c     0x4  main.o [1]
  .bss               zero     0x20002350     0x4  main.o [1]
  .bss               zero     0x20002354     0x4  main.o [1]
  .bss               zero     0x20002358     0x4  stm32f1xx_hal.o [1]
  .bss               zero     0x2000235c     0x2  interrupt.o [1]
  .bss               zero     0x2000235e     0x2  main.o [1]
  .bss               zero     0x20002360     0x2  main.o [1]
  .bss               zero     0x20002362     0x2  main.o [1]
  .bss               zero     0x20002364     0x2  main.o [1]
  .bss               zero     0x20002366     0x2  main.o [1]
  .bss               zero     0x20002368     0x2  main.o [1]
  .bss               zero     0x2000236a     0x2  main.o [1]
  .bss               zero     0x2000236c     0x2  main.o [1]
  .bss               zero     0x2000236e     0x2  main.o [1]
  .bss               zero     0x20002370     0x2  main.o [1]
  .bss               zero     0x20002372     0x2  main.o [1]
  .bss               zero     0x20002374     0x2  main.o [1]
  .bss               zero     0x20002376     0x2  main.o [1]
  .bss               zero     0x20002378     0x2  main.o [1]
  .bss               zero     0x2000237a     0x2  main.o [1]
  .bss               zero     0x2000237c     0x2  main.o [1]
  .bss               zero     0x2000237e     0x2  main.o [1]
  .bss               zero     0x20002380     0x2  main.o [1]
  .bss               zero     0x20002382     0x2  main.o [1]
  .bss               zero     0x20002384     0x2  main.o [1]
  .bss               zero     0x20002386     0x2  main.o [1]
  .bss               zero     0x20002388     0x1  lcdlib.o [1]
  .bss               zero     0x20002389     0x1  main.o [1]
  .bss               zero     0x2000238a     0x1  main.o [1]
  .bss               zero     0x2000238b     0x1  main.o [1]
  .bss               zero     0x2000238c     0x1  main.o [1]
  .bss               zero     0x2000238d     0x1  main.o [1]
  .bss               zero     0x2000238e     0x1  main.o [1]
  .bss               zero     0x2000238f     0x1  main.o [1]
  .bss               zero     0x20002390     0x1  main.o [1]
  .bss               zero     0x20002391     0x1  main.o [1]
  .bss               zero     0x20002392     0x1  main.o [1]
  .bss               zero     0x20002393     0x1  main.o [1]
  .bss               zero     0x20002394     0x1  main.o [1]
  .bss               zero     0x20002395     0x1  main.o [1]
  .bss               zero     0x20002396     0x1  main.o [1]
  .bss               zero     0x20002397     0x1  main.o [1]
  .bss               zero     0x20002398     0x1  main.o [1]
  .bss               zero     0x20002399     0x1  main.o [1]
  .bss               zero     0x2000239a     0x1  main.o [1]
  .bss               zero     0x2000239b     0x1  main.o [1]
  .bss               zero     0x2000239c     0x1  main.o [1]
  .bss               zero     0x2000239d     0x1  stm32f1xx_hal_spi_ex.o [1]
  .bss               zero     0x2000239e     0x1  usbd_ctlreq.o [1]
  CSTACK                      0x200023a0   0x400  <Block>
    CSTACK           uninit   0x200023a0   0x400  <Block tail>
                            - 0x200027a0  0x27a0


*******************************************************************************
*** INIT TABLE
***

          Address     Size
          -------     ----
Zero (__iar_zero_init3)
    1 destination range, total size 0x226b:
          0x20000134  0x226b

Copy (__iar_copy_init3)
    1 source range, total size 0x134:
          0x0800b494   0x134
    1 destination range, total size 0x134:
          0x20000000   0x134



*******************************************************************************
*** MODULE SUMMARY
***

    Module                  ro code  ro data  rw data
    ------                  -------  -------  -------
D:\Nasir\MarvElectronic\rtu_mini\EWARM\rtu_mini\Obj: [1]
    diskio.o                    116
    eeprom_ext.o                232
    fatfs.o                      28                 8
    ff.o                      5 616                32
    ff_gen_drv.o                 68                12
    gsm.o                     8 300
    interrupt.o                 780                 4
    lcdlib.o                    348                 1
    main.o                    1 512       40    5 490
    main_func.o               1 688
    my_delay.o                   44
    rtc.o                       772                14
    sdi12.o                     424                16
    serialflash.o               524               524
    startup_stm32f103xb.o       408
    stm32f1xx_hal.o             116                 4
    stm32f1xx_hal_adc.o         582
    stm32f1xx_hal_cortex.o      288
    stm32f1xx_hal_dma.o         708
    stm32f1xx_hal_gpio.o        648
    stm32f1xx_hal_iwdg.o         86
    stm32f1xx_hal_msp.o         640
    stm32f1xx_hal_pcd.o       1 714
    stm32f1xx_hal_pcd_ex.o       50
    stm32f1xx_hal_pwr.o          16
    stm32f1xx_hal_rcc.o       1 190
    stm32f1xx_hal_rcc_ex.o      418
    stm32f1xx_hal_rtc.o         856
    stm32f1xx_hal_rtc_ex.o       24
    stm32f1xx_hal_spi.o       1 456
    stm32f1xx_hal_spi_ex.o      140                 1
    stm32f1xx_hal_tim.o         838
    stm32f1xx_hal_tim_ex.o       90
    stm32f1xx_hal_uart.o        700
    stm32f1xx_it.o               72
    stm32f1xx_ll_usb.o        1 604
    system_stm32f1xx.o           92       12        4
    usb_device.o                 56               548
    usbd_conf.o                 632             1 680
    usbd_core.o                 584
    usbd_ctlreq.o               966                 1
    usbd_desc.o                 172       52      564
    usbd_ioreq.o                 78
    usbd_msc.o                  414      164      164
    usbd_msc_bot.o              532
    usbd_msc_data.o                       24
    usbd_msc_scsi.o           1 418
    usbd_storage_if.o            72       68       32
    user_diskio.o                82       20       20
    -------------------------------------------------
    Total:                   38 194      380    9 119

command line: [2]
    -------------------------------------------------
    Total:

dl7M_tln.a: [3]
    div.o                        14
    exit.o                        4
    low_level_init.o              4
    sprintf.o                    52
    strcat.o                     28
    xprintffull.o             3 498
    xsprout.o                    10
    -------------------------------------------------
    Total:                    3 610

m7M_tl.a: [4]
    DblAdd.o                    212
    DblCmpGe.o                   46
    DblCmpLe.o                   46
    DblDiv.o                    582
    DblMul.o                    418
    DblSub.o                    384
    DblToI32.o                   88
    FltAdd.o                    132
    FltDiv.o                    252
    FltMul.o                    216
    FltSub.o                    230
    FltToDbl.o                   78
    FltToS32.o                   68
    I32ToDbl.o                   48
    I32ToFlt.o                   30
    xdnorm.o                     66
    xdscale.o                   272
    -------------------------------------------------
    Total:                    3 168

rt7M_tl.a: [5]
    ABImemclr4.o                  6
    ABImemcpy_unaligned.o       118
    ABImemset.o                 102
    ABImemset48.o                50
    I64DivMod.o                 238
    I64DivZer.o                   2
    cexit.o                      10
    cmain.o                      26
    copy_init3.o                 46
    cstartup_M.o                 12
    data_init.o                  40
    memchr.o                     88
    memcmp_unaligned.o           98
    strchr.o                     22
    strcmp_unaligned.o           66
    strcpy_unaligned.o           68
    strlen.o                     54
    zero_init3.o                 34
    -------------------------------------------------
    Total:                    1 080

shb_l.a: [6]
    exit.o                       20
    -------------------------------------------------
    Total:                       20

    Gaps                         48
    Linker created                        36    1 024
-----------------------------------------------------
    Grand Total:             46 120      416   10 143


*******************************************************************************
*** ENTRY LIST
***

Entry                      Address   Size  Type      Object
-----                      -------   ----  ----      ------
.iar.init_table$$Base   0x0800b350          --   Gb  - Linker created -
.iar.init_table$$Limit  0x0800b374          --   Gb  - Linker created -
?main                   0x0800b375         Code  Gb  cmain.o [5]
ADC_ConversionStop_Disable
                        0x08007eed   0x38  Code  Gb  stm32f1xx_hal_adc.o [1]
AHBPrescTable           0x0800b210   0x10  Data  Gb  system_stm32f1xx.o [1]
APBPrescTable           0x0800b3ec    0x8  Data  Gb  system_stm32f1xx.o [1]
AdminMobile             0x2000226c   0x20  Data  Gb  main.o [1]
BusFault_Handler        0x0800b27b    0x2  Code  Gb  stm32f1xx_it.o [1]
CSTACK$$Base            0x200023a0          --   Gb  - Linker created -
CSTACK$$Limit           0x200027a0          --   Gb  - Linker created -
CharSearch              0x0800062f   0x1c  Code  Gb  gsm.o [1]
CharSearch_str          0x0800064b   0x12  Code  Gb  gsm.o [1]
ChargeReqStr            0x2000224c   0x20  Data  Gb  main.o [1]
DMA1_Channel5_IRQHandler
                        0x0800b293    0x6  Code  Gb  stm32f1xx_it.o [1]
DebugMon_Handler        0x0800b281    0x2  Code  Gb  stm32f1xx_it.o [1]
DelaytimerUS            0x08002dff   0x10  Code  Gb  my_delay.o [1]
DisplayTime             0x20002372    0x2  Data  Gb  main.o [1]
ExCvt                   0x08003e54   0x80  Data  Lc  ff.o [1]
FATFS_LinkDriver        0x08007ce7    0x4  Code  Gb  ff_gen_drv.o [1]
FATFS_LinkDriverEx      0x08007cad   0x3a  Code  Gb  ff_gen_drv.o [1]
FS_Desc                 0x200000d8   0x1c  Data  Gb  usbd_desc.o [1]
FatBytesRead            0x20002354    0x4  Data  Gb  main.o [1]
FatFs                   0x20002338    0x4  Data  Lc  ff.o [1]
File                    0x20000b98  0x458  Data  Gb  main.o [1]
Files                   0x2000228c   0x18  Data  Lc  ff.o [1]
FindLog                 0x08002a61  0x142  Code  Gb  main_func.o [1]
Fsid                    0x20002334    0x2  Data  Lc  ff.o [1]
GPIO_InitStruct         0x200022f4   0x10  Data  Gb  sdi12.o [1]
GsmInit                 0x08000469   0xe6  Code  Gb  gsm.o [1]
GsmSend                 0x080000ed   0x24  Code  Gb  gsm.o [1]
GsmSendByte             0x08000111   0x1e  Code  Gb  gsm.o [1]
HAL_ADC_ConfigChannel   0x08007de3   0xda  Code  Gb  stm32f1xx_hal_adc.o [1]
HAL_ADC_Init            0x08007cf1   0xf2  Code  Gb  stm32f1xx_hal_adc.o [1]
HAL_ADC_MspInit         0x08004be1   0x36  Code  Gb  stm32f1xx_hal_msp.o [1]
HAL_DMA_IRQHandler      0x08006b49  0x24c  Code  Gb  stm32f1xx_hal_dma.o [1]
HAL_DMA_Init            0x08006af1   0x4a  Code  Gb  stm32f1xx_hal_dma.o [1]
HAL_Delay               0x08004e35   0x18  Code  Wk  stm32f1xx_hal.o [1]
HAL_GPIO_DeInit         0x080069cf   0xd6  Code  Gb  stm32f1xx_hal_gpio.o [1]
HAL_GPIO_Init           0x08006859  0x176  Code  Gb  stm32f1xx_hal_gpio.o [1]
HAL_GPIO_WritePin       0x08006aa5    0x8  Code  Gb  stm32f1xx_hal_gpio.o [1]
HAL_GetTick             0x08004e2f    0x6  Code  Wk  stm32f1xx_hal.o [1]
HAL_IWDG_Init           0x08007ffd   0x54  Code  Gb  stm32f1xx_hal_iwdg.o [1]
HAL_IWDG_MspInit        0x08008051    0x2  Code  Wk  stm32f1xx_hal_iwdg.o [1]
HAL_IncTick             0x08004e25    0xa  Code  Wk  stm32f1xx_hal.o [1]
HAL_Init                0x08004de1   0x20  Code  Gb  stm32f1xx_hal.o [1]
HAL_InitTick            0x08004e01   0x24  Code  Wk  stm32f1xx_hal.o [1]
HAL_MspInit             0x08004b61   0x80  Code  Gb  stm32f1xx_hal_msp.o [1]
HAL_NVIC_DisableIRQ     0x08002fcf    0xa  Code  Gb  stm32f1xx_hal_cortex.o [1]
HAL_NVIC_EnableIRQ      0x08002fc3    0xc  Code  Gb  stm32f1xx_hal_cortex.o [1]
HAL_NVIC_SetPriority    0x08002f7f   0x44  Code  Gb  stm32f1xx_hal_cortex.o [1]
HAL_NVIC_SetPriorityGrouping
                        0x08002f65   0x1a  Code  Gb  stm32f1xx_hal_cortex.o [1]
HAL_NVIC_SystemReset    0x08002fe1   0x1a  Code  Gb  stm32f1xx_hal_cortex.o [1]
HAL_PCDEx_PMAConfig     0x08009d1f   0x32  Code  Gb  stm32f1xx_hal_pcd_ex.o [1]
HAL_PCDEx_SetConnectionState
                        0x0800900f    0x2  Code  Gb  usbd_conf.o [1]
HAL_PCD_DataInStageCallback
                        0x08008e1d    0xe  Code  Gb  usbd_conf.o [1]
HAL_PCD_DataOutStageCallback
                        0x08008e0d   0x10  Code  Gb  usbd_conf.o [1]
HAL_PCD_EP_Close        0x080098c1   0x24  Code  Gb  stm32f1xx_hal_pcd.o [1]
HAL_PCD_EP_ClrStall     0x080099cb   0x1e  Code  Gb  stm32f1xx_hal_pcd.o [1]
HAL_PCD_EP_Flush        0x08009a05   0x26  Code  Gb  stm32f1xx_hal_pcd.o [1]
HAL_PCD_EP_GetRxCount   0x08009937   0x10  Code  Gb  stm32f1xx_hal_pcd.o [1]
HAL_PCD_EP_Open         0x0800988d   0x34  Code  Gb  stm32f1xx_hal_pcd.o [1]
HAL_PCD_EP_Receive      0x0800990f   0x28  Code  Gb  stm32f1xx_hal_pcd.o [1]
HAL_PCD_EP_SetStall     0x08009991   0x32  Code  Gb  stm32f1xx_hal_pcd.o [1]
HAL_PCD_EP_Transmit     0x08009947   0x28  Code  Gb  stm32f1xx_hal_pcd.o [1]
HAL_PCD_IRQHandler      0x0800973f   0xfc  Code  Gb  stm32f1xx_hal_pcd.o [1]
HAL_PCD_Init            0x0800966d   0xaa  Code  Gb  stm32f1xx_hal_pcd.o [1]
HAL_PCD_MspInit         0x08008dcd   0x34  Code  Gb  usbd_conf.o [1]
HAL_PCD_ResetCallback   0x08008e33   0x1a  Code  Gb  usbd_conf.o [1]
HAL_PCD_ResumeCallback  0x08008e69    0x8  Code  Gb  usbd_conf.o [1]
HAL_PCD_SOFCallback     0x08008e2b    0x8  Code  Gb  usbd_conf.o [1]
HAL_PCD_SetAddress      0x08009869   0x1c  Code  Gb  stm32f1xx_hal_pcd.o [1]
HAL_PCD_SetupStageCallback
                        0x08008e01    0xc  Code  Gb  usbd_conf.o [1]
HAL_PCD_Start           0x08009721   0x1e  Code  Gb  stm32f1xx_hal_pcd.o [1]
HAL_PCD_SuspendCallback
                        0x08008e4d   0x1c  Code  Gb  usbd_conf.o [1]
HAL_PWR_EnableBkUpAccess
                        0x08006ae1    0x4  Code  Gb  stm32f1xx_hal_pwr.o [1]
HAL_RCCEx_GetPeriphCLKFreq
                        0x08008111   0xba  Code  Gb  stm32f1xx_hal_rcc_ex.o [1]
HAL_RCCEx_PeriphCLKConfig
                        0x08008055   0xbc  Code  Gb  stm32f1xx_hal_rcc_ex.o [1]
HAL_RCC_ClockConfig     0x08005115  0x114  Code  Gb  stm32f1xx_hal_rcc.o [1]
HAL_RCC_GetHCLKFreq     0x0800528f    0x6  Code  Gb  stm32f1xx_hal_rcc.o [1]
HAL_RCC_GetPCLK1Freq    0x08005295   0x10  Code  Gb  stm32f1xx_hal_rcc.o [1]
HAL_RCC_GetPCLK2Freq    0x080052a5    0xe  Code  Gb  stm32f1xx_hal_rcc.o [1]
HAL_RCC_GetSysClockFreq
                        0x0800523d   0x52  Code  Gb  stm32f1xx_hal_rcc.o [1]
HAL_RCC_OscConfig       0x08004e55  0x2ae  Code  Gb  stm32f1xx_hal_rcc.o [1]
HAL_RTCEx_BKUPRead      0x0800855b    0xa  Code  Gb  stm32f1xx_hal_rtc_ex.o [1]
HAL_RTCEx_BKUPWrite     0x08008551    0xa  Code  Gb  stm32f1xx_hal_rtc_ex.o [1]
HAL_RTC_Init            0x080081f9   0x96  Code  Gb  stm32f1xx_hal_rtc.o [1]
HAL_RTC_MspInit         0x08004c17   0x2c  Code  Gb  stm32f1xx_hal_msp.o [1]
HAL_RTC_SetDate         0x08008323   0x9c  Code  Gb  stm32f1xx_hal_rtc.o [1]
HAL_RTC_SetTime         0x0800828f   0x8e  Code  Gb  stm32f1xx_hal_rtc.o [1]
HAL_RTC_WaitForSynchro  0x080083e1   0x30  Code  Gb  stm32f1xx_hal_rtc.o [1]
HAL_SPI_Init            0x08007f39   0x82  Code  Gb  stm32f1xx_hal_spi_ex.o [1]
HAL_SPI_MspInit         0x08004c43   0x42  Code  Gb  stm32f1xx_hal_msp.o [1]
HAL_SPI_Receive         0x0800aa15  0x10e  Code  Gb  stm32f1xx_hal_spi.o [1]
HAL_SPI_Transmit        0x0800a95d   0xb8  Code  Gb  stm32f1xx_hal_spi.o [1]
HAL_SPI_TransmitReceive
                        0x0800ab5d  0x190  Code  Gb  stm32f1xx_hal_spi.o [1]
HAL_SYSTICK_CLKSourceConfig
                        0x08003023   0x14  Code  Gb  stm32f1xx_hal_cortex.o [1]
HAL_SYSTICK_Callback    0x080064bd  0x220  Code  Gb  interrupt.o [1]
HAL_SYSTICK_Config      0x08002ffb   0x28  Code  Gb  stm32f1xx_hal_cortex.o [1]
HAL_SYSTICK_IRQHandler  0x08003059    0x8  Code  Gb  stm32f1xx_hal_cortex.o [1]
HAL_TIMEx_BreakCallback
                        0x08008909    0x2  Code  Wk  stm32f1xx_hal_tim_ex.o [1]
HAL_TIMEx_CommutationCallback
                        0x08008907    0x2  Code  Wk  stm32f1xx_hal_tim_ex.o [1]
HAL_TIMEx_MasterConfigSynchronization
                        0x080088bd   0x4a  Code  Gb  stm32f1xx_hal_tim_ex.o [1]
HAL_TIM_Base_Init       0x08008569   0x1a  Code  Gb  stm32f1xx_hal_tim.o [1]
HAL_TIM_Base_MspInit    0x08004c85   0x5a  Code  Gb  stm32f1xx_hal_msp.o [1]
HAL_TIM_ConfigClockSource
                        0x080086fb   0xa8  Code  Gb  stm32f1xx_hal_tim.o [1]
HAL_TIM_IC_CaptureCallback
                        0x080087d1    0x2  Code  Wk  stm32f1xx_hal_tim.o [1]
HAL_TIM_IRQHandler      0x080085a3  0x14a  Code  Gb  stm32f1xx_hal_tim.o [1]
HAL_TIM_OC_DelayElapsedCallback
                        0x080087cf    0x2  Code  Wk  stm32f1xx_hal_tim.o [1]
HAL_TIM_PWM_PulseFinishedCallback
                        0x080087d3    0x2  Code  Wk  stm32f1xx_hal_tim.o [1]
HAL_TIM_PeriodElapsedCallback
                        0x080066f1   0x30  Code  Gb  interrupt.o [1]
HAL_TIM_TriggerCallback
                        0x080087d5    0x2  Code  Wk  stm32f1xx_hal_tim.o [1]
HAL_UART_Init           0x080021bd   0x22  Code  Gb  stm32f1xx_hal_uart.o [1]
HAL_UART_MspInit        0x08004cdf   0x7e  Code  Gb  stm32f1xx_hal_msp.o [1]
HAL_UART_Transmit       0x08002235   0x94  Code  Gb  stm32f1xx_hal_uart.o [1]
HardFault_Handler       0x0800b277    0x2  Code  Gb  stm32f1xx_it.o [1]
LCDGotoXY               0x080025ad   0x20  Code  Gb  lcdlib.o [1]
LCDclr                  0x08002579    0x6  Code  Gb  lcdlib.o [1]
LCDport                 0x08002479   0x44  Code  Gb  lcdlib.o [1]
LCDputs                 0x0800258d   0x20  Code  Gb  lcdlib.o [1]
LCDsendChar             0x080024bd   0x5c  Code  Gb  lcdlib.o [1]
LCDsendCommand          0x08002527   0x3a  Code  Gb  lcdlib.o [1]
LoadInt                 0x08005883   0x6e  Code  Lc  xprintffull.o [3]
LogParameters           0x20002374    0x2  Data  Gb  main.o [1]
MSC_BOT_Abort           0x08009611   0x32  Code  Lc  usbd_msc_bot.o [1]
MSC_BOT_CBW_Decode      0x08009511   0xbe  Code  Lc  usbd_msc_bot.o [1]
MSC_BOT_CplClrFeature   0x08009643   0x2a  Code  Gb  usbd_msc_bot.o [1]
MSC_BOT_DataIn          0x080094a7   0x2e  Code  Gb  usbd_msc_bot.o [1]
MSC_BOT_DataOut         0x080094d5   0x2e  Code  Gb  usbd_msc_bot.o [1]
MSC_BOT_DeInit          0x0800949d    0xa  Code  Gb  usbd_msc_bot.o [1]
MSC_BOT_Init            0x08009459   0x30  Code  Gb  usbd_msc_bot.o [1]
MSC_BOT_Reset           0x08009489   0x14  Code  Gb  usbd_msc_bot.o [1]
MSC_BOT_SendCSW         0x080095d5   0x28  Code  Gb  usbd_msc_bot.o [1]
MSC_Mode_Sense10_data   0x0800b3c8    0x8  Data  Gb  usbd_msc_data.o [1]
MSC_Mode_Sense6_data    0x0800b3c0    0x8  Data  Gb  usbd_msc_data.o [1]
MSC_Page00_Inquiry_Data
                        0x0800b3b8    0x8  Data  Gb  usbd_msc_data.o [1]
MX_FATFS_Init           0x0800683d   0x10  Code  Gb  fatfs.o [1]
MX_GPIO_Init            0x08007259   0xc6  Code  Lc  main.o [1]
MX_RTC_Init             0x08007171   0x7c  Code  Lc  main.o [1]
MX_TIM2_Init            0x080071ed   0x1c  Code  Lc  main.o [1]
MX_TIM4_Init            0x0800720d   0x16  Code  Lc  main.o [1]
MX_USB_DEVICE_Init      0x08007fc5   0x38  Code  Gb  usb_device.o [1]
MemBuf                  0x20000678  0x520  Data  Gb  main.o [1]
MemManage_Handler       0x0800b279    0x2  Code  Gb  stm32f1xx_it.o [1]
MiladiIsLeap            0x0800318d   0x38  Code  Gb  rtc.o [1]
MiladiToShamsi          0x080031c5   0xa8  Code  Gb  rtc.o [1]
NMI_Handler             0x0800b275    0x2  Code  Gb  stm32f1xx_it.o [1]
NVIC_GetPriorityGrouping
                        0x08002f41    0xa  Code  Lc  stm32f1xx_hal_cortex.o [1]
NVIC_SetPriority        0x08002f4b   0x1a  Code  Lc  stm32f1xx_hal_cortex.o [1]
PCD_EP_ISR_Handler      0x08009a2b  0x292  Code  Lc  stm32f1xx_hal_pcd.o [1]
PendSV_Handler          0x0800b283    0x2  Code  Gb  stm32f1xx_it.o [1]
RTC_Bcd2ToByte          0x080084f1   0x10  Code  Lc  stm32f1xx_hal_rtc.o [1]
RTC_EnterInitMode       0x08008493   0x2e  Code  Lc  stm32f1xx_hal_rtc.o [1]
RTC_ExitInitMode        0x080084c1   0x30  Code  Lc  stm32f1xx_hal_rtc.o [1]
RTC_ReadAlarmCounter    0x0800845d   0x10  Code  Lc  stm32f1xx_hal_rtc.o [1]
RTC_ReadTimeCounter     0x0800841d   0x22  Code  Lc  stm32f1xx_hal_rtc.o [1]
RTC_WeekDayNum          0x08008501   0x38  Code  Lc  stm32f1xx_hal_rtc.o [1]
RTC_WriteAlarmCounter   0x0800846d   0x1e  Code  Lc  stm32f1xx_hal_rtc.o [1]
RTC_WriteTimeCounter    0x0800843f   0x1e  Code  Lc  stm32f1xx_hal_rtc.o [1]
RainEventTime           0x20000132    0x2  Data  Gb  main.o [1]
RainRstTime             0x20002376    0x2  Data  Gb  main.o [1]
ReadPinTimeout          0x080062f5   0x2a  Code  Gb  sdi12.o [1]
ReadSMS                 0x080002f1  0x130  Code  Gb  gsm.o [1]
ReadSensorToStr         0x0800271b   0x7e  Code  Gb  main_func.o [1]
Region$$Table$$Base     0x0800b350          --   Gb  - Linker created -
Region$$Table$$Limit    0x0800b374          --   Gb  - Linker created -
RemotePhone             0x20000558   0x20  Data  Gb  main.o [1]
SARAMIN                 0x08002c3b   0x86  Code  Gb  main_func.o [1]
SCSI_CheckAddressRange  0x0800a229   0x22  Code  Lc  usbd_msc_scsi.o [1]
SCSI_ProcessCmd         0x08009d51  0x1b4  Code  Gb  usbd_msc_scsi.o [1]
SCSI_ProcessWrite       0x0800a24b   0x90  Code  Lc  usbd_msc_scsi.o [1]
SCSI_Read10             0x0800a043  0x110  Code  Lc  usbd_msc_scsi.o [1]
SCSI_ReadFormatCapacity
                        0x08009f11   0x70  Code  Lc  usbd_msc_scsi.o [1]
SCSI_RequestSense       0x08009f8b   0x76  Code  Lc  usbd_msc_scsi.o [1]
SCSI_SenseCode          0x0800a001   0x36  Code  Gb  usbd_msc_scsi.o [1]
SCSI_StartStopUnit      0x0800a037    0xc  Code  Lc  usbd_msc_scsi.o [1]
SCSI_Write10            0x0800a153   0xd6  Code  Lc  usbd_msc_scsi.o [1]
SDFatFs                 0x20001680  0x230  Data  Gb  main.o [1]
SDPath                  0x20002350    0x4  Data  Gb  main.o [1]
SMS_ReplyCMD            0x0800065d  0xa5e  Code  Gb  gsm.o [1]
SMS_number              0x2000013f    0x1  Data  Gb  main.o [1]
SMS_text                0x20000578  0x100  Data  Gb  main.o [1]
SPI_FLASH_BUF           0x20001ad4  0x20c  Data  Lc  serialflash.o [1]
SPI_FLASH_Write_Enable  0x0800af2d   0x14  Code  Gb  serialflash.o [1]
SPI_Flash_Read          0x0800af41   0x30  Code  Gb  serialflash.o [1]
SPI_Flash_Wait_Busy     0x0800af85   0x22  Code  Lc  serialflash.o [1]
SPI_Flash_Write         0x0800b03d   0xd0  Code  Gb  serialflash.o [1]
SPI_Flash_Write_NoCheck
                        0x0800afed   0x3e  Code  Gb  serialflash.o [1]
SPI_Flash_Write_Page    0x0800afa7   0x3a  Code  Gb  serialflash.o [1]
SPI_ISCRCErrorValid     0x08007fc1    0x4  Code  Gb  stm32f1xx_hal_spi_ex.o [1]
SPI_WaitOnFlagUntilTimeout
                        0x0800ae6f   0x7c  Code  Lc  stm32f1xx_hal_spi.o [1]
SPIx_ReadWriteByte      0x0800af0d   0x20  Code  Lc  serialflash.o [1]
STORAGE_GetCapacity_FS  0x0800b2c1   0x10  Code  Lc  usbd_storage_if.o [1]
STORAGE_GetMaxLun_FS    0x0800b301    0x4  Code  Lc  usbd_storage_if.o [1]
STORAGE_Init_FS         0x0800b2bd    0x4  Code  Lc  usbd_storage_if.o [1]
STORAGE_Inquirydata_FS  0x0800b32c   0x24  Data  Gb  usbd_storage_if.o [1]
STORAGE_IsReady_FS      0x0800b2d1    0x4  Code  Lc  usbd_storage_if.o [1]
STORAGE_IsWriteProtected_FS
                        0x0800b2d5    0x4  Code  Lc  usbd_storage_if.o [1]
STORAGE_Read_FS         0x0800b2d9   0x14  Code  Lc  usbd_storage_if.o [1]
STORAGE_Write_FS        0x0800b2ed   0x14  Code  Lc  usbd_storage_if.o [1]
SVC_Handler             0x0800b27f    0x2  Code  Gb  stm32f1xx_it.o [1]
SendSMS                 0x0800012f  0x14c  Code  Gb  gsm.o [1]
ServerPhone             0x20000538   0x20  Data  Gb  main.o [1]
SetLevelBar_count       0x2000237e    0x2  Data  Gb  main.o [1]
SetLevelBar_timeout     0x20002380    0x2  Data  Gb  main.o [1]
ShamsiToMiladi          0x0800327d   0x94  Code  Gb  rtc.o [1]
SimChargeCat            0x08001619   0x90  Code  Gb  gsm.o [1]
SimCount                0x2000014c    0x2  Data  Gb  main.o [1]
SimRecBuffer            0x20000438  0x100  Data  Gb  main.o [1]
SimRecLen               0x20000150    0x2  Data  Gb  main.o [1]
SimSendBuffer           0x20000338  0x100  Data  Gb  main.o [1]
SmsSendFlag             0x2000013e    0x1  Data  Gb  main.o [1]
SmsSendTime             0x2000014e    0x2  Data  Gb  main.o [1]
StrSearch               0x080005db    0x2  Code  Gb  gsm.o [1]
StrSearch_P             0x080005dd    0x2  Code  Gb  gsm.o [1]
SysTick_Handler         0x0800b285    0xe  Code  Gb  stm32f1xx_it.o [1]
SystemClock_Config      0x080070df   0x92  Code  Gb  main.o [1]
SystemCoreClock         0x20000128    0x4  Data  Gb  system_stm32f1xx.o [1]
SystemInit              0x0800b1c5   0x3a  Code  Gb  system_stm32f1xx.o [1]
TIM2_IRQHandler         0x0800b29f    0x6  Code  Gb  stm32f1xx_it.o [1]
TIM4_IRQHandler         0x0800b2a5    0x6  Code  Gb  stm32f1xx_it.o [1]
TIM_Base_SetConfig      0x080087d7   0x56  Code  Gb  stm32f1xx_hal_tim.o [1]
TIM_ETR_SetConfig       0x0800889b   0x14  Code  Lc  stm32f1xx_hal_tim.o [1]
TIM_ITRx_SetConfig      0x0800888b   0x10  Code  Lc  stm32f1xx_hal_tim.o [1]
TIM_TI1_ConfigInputStage
                        0x08008845   0x22  Code  Lc  stm32f1xx_hal_tim.o [1]
TIM_TI2_ConfigInputStage
                        0x08008867   0x24  Code  Lc  stm32f1xx_hal_tim.o [1]
TakePictureCount        0x2000234c    0x4  Data  Gb  main.o [1]
UART_SetConfig          0x08002393   0xdc  Code  Lc  stm32f1xx_hal_uart.o [1]
UART_WaitOnFlagUntilTimeout
                        0x08002301   0x82  Code  Lc  stm32f1xx_hal_uart.o [1]
USBD_ClrClassConfig     0x08008a3f    0xa  Code  Gb  usbd_core.o [1]
USBD_CtlContinueRx      0x08009429    0x2  Code  Gb  usbd_ioreq.o [1]
USBD_CtlContinueSendData
                        0x08009419    0x2  Code  Gb  usbd_ioreq.o [1]
USBD_CtlError           0x080093b1   0x16  Code  Gb  usbd_ctlreq.o [1]
USBD_CtlReceiveStatus   0x08009443    0xa  Code  Gb  usbd_ioreq.o [1]
USBD_CtlSendData        0x0800940b    0xe  Code  Gb  usbd_ioreq.o [1]
USBD_CtlSendStatus      0x08009439    0xa  Code  Gb  usbd_ioreq.o [1]
USBD_FS_ConfigStrDescriptor
                        0x0800b151    0xa  Code  Gb  usbd_desc.o [1]
USBD_FS_DeviceDesc      0x200000f4   0x14  Data  Gb  usbd_desc.o [1]
USBD_FS_DeviceDescriptor
                        0x0800b119    0x8  Code  Gb  usbd_desc.o [1]
USBD_FS_InterfaceStrDescriptor
                        0x0800b15b    0xa  Code  Gb  usbd_desc.o [1]
USBD_FS_LangIDStrDescriptor
                        0x0800b121    0x8  Code  Gb  usbd_desc.o [1]
USBD_FS_ManufacturerStrDescriptor
                        0x0800b133    0x8  Code  Gb  usbd_desc.o [1]
USBD_FS_ProductStrDescriptor
                        0x0800b129    0xa  Code  Gb  usbd_desc.o [1]
USBD_FS_SerialStrDescriptor
                        0x0800b147    0xa  Code  Gb  usbd_desc.o [1]
USBD_GetDescriptor      0x08009291   0xea  Code  Lc  usbd_ctlreq.o [1]
USBD_GetString          0x080093c7   0x44  Code  Gb  usbd_ctlreq.o [1]
USBD_Init               0x080089e5   0x2a  Code  Gb  usbd_core.o [1]
USBD_LL_ClearStallEP    0x08008f6d   0x18  Code  Gb  usbd_conf.o [1]
USBD_LL_CloseEP         0x08008f1d   0x18  Code  Gb  usbd_conf.o [1]
USBD_LL_DataInStage     0x08008b07   0xa4  Code  Gb  usbd_core.o [1]
USBD_LL_DataOutStage    0x08008aa1   0x66  Code  Gb  usbd_core.o [1]
USBD_LL_FlushEP         0x08008f35   0x18  Code  Gb  usbd_conf.o [1]
USBD_LL_GetRxDataSize   0x08008fe9    0x8  Code  Gb  usbd_conf.o [1]
USBD_LL_Init            0x08008e71   0x74  Code  Gb  usbd_conf.o [1]
USBD_LL_IsStallEP       0x08008f85   0x1c  Code  Gb  usbd_conf.o [1]
USBD_LL_OpenEP          0x08008efd   0x20  Code  Gb  usbd_conf.o [1]
USBD_LL_PrepareReceive  0x08008fd1   0x18  Code  Gb  usbd_conf.o [1]
USBD_LL_Reset           0x08008bab   0x42  Code  Gb  usbd_core.o [1]
USBD_LL_Resume          0x08008bff    0x4  Code  Gb  usbd_core.o [1]
USBD_LL_SOF             0x08008c0b   0x1c  Code  Gb  usbd_core.o [1]
USBD_LL_SetSpeed        0x08008bed    0x6  Code  Gb  usbd_core.o [1]
USBD_LL_SetUSBAddress   0x08008fa1   0x18  Code  Gb  usbd_conf.o [1]
USBD_LL_SetupStage      0x08008a49   0x58  Code  Gb  usbd_core.o [1]
USBD_LL_StallEP         0x08008f4d   0x18  Code  Gb  usbd_conf.o [1]
USBD_LL_Start           0x08008ee5   0x18  Code  Gb  usbd_conf.o [1]
USBD_LL_Suspend         0x08008bf3    0xc  Code  Gb  usbd_core.o [1]
USBD_LL_Transmit        0x08008fb9   0x18  Code  Gb  usbd_conf.o [1]
USBD_LangIDDesc         0x2000012c    0x4  Data  Gb  usbd_desc.o [1]
USBD_MSC                0x20000000   0x38  Data  Gb  usbd_msc.o [1]
USBD_MSC_CfgFSDesc      0x20000078   0x20  Data  Gb  usbd_msc.o [1]
USBD_MSC_CfgHSDesc      0x20000058   0x20  Data  Gb  usbd_msc.o [1]
USBD_MSC_DataIn         0x08008d7b    0xa  Code  Gb  usbd_msc.o [1]
USBD_MSC_DataOut        0x08008d85    0xa  Code  Gb  usbd_msc.o [1]
USBD_MSC_DeInit         0x08008c7b   0x2c  Code  Gb  usbd_msc.o [1]
USBD_MSC_DeviceQualifierDesc
                        0x2000011c    0xc  Data  Gb  usbd_msc.o [1]
USBD_MSC_GetDeviceQualifierDescriptor
                        0x08008da7    0x8  Code  Gb  usbd_msc.o [1]
USBD_MSC_GetFSCfgDesc   0x08008d97    0x8  Code  Gb  usbd_msc.o [1]
USBD_MSC_GetHSCfgDesc   0x08008d8f    0x8  Code  Gb  usbd_msc.o [1]
USBD_MSC_GetOtherSpeedCfgDesc
                        0x08008d9f    0x8  Code  Gb  usbd_msc.o [1]
USBD_MSC_Init           0x08008c2d   0x44  Code  Gb  usbd_msc.o [1]
USBD_MSC_OtherSpeedCfgDesc
                        0x20000098   0x20  Data  Gb  usbd_msc.o [1]
USBD_MSC_RegisterStorage
                        0x08008dc1    0xa  Code  Gb  usbd_msc.o [1]
USBD_MSC_Setup          0x08008ca7   0xd4  Code  Gb  usbd_msc.o [1]
USBD_ParseSetupRequest  0x08009389   0x28  Code  Gb  usbd_ctlreq.o [1]
USBD_RegisterClass      0x08008a0f   0x10  Code  Gb  usbd_core.o [1]
USBD_SetClassConfig     0x08008a29   0x16  Code  Gb  usbd_core.o [1]
USBD_Start              0x08008a1f    0xa  Code  Gb  usbd_core.o [1]
USBD_StdDevReq          0x08009045  0x13c  Code  Gb  usbd_ctlreq.o [1]
USBD_StdEPReq           0x080091bd   0xc8  Code  Gb  usbd_ctlreq.o [1]
USBD_StdItfReq          0x08009185   0x32  Code  Gb  usbd_ctlreq.o [1]
USBD_Storage_Interface_fops_FS
                        0x200000b8   0x20  Data  Gb  usbd_storage_if.o [1]
USBD_StrDesc            0x20001ce0  0x200  Data  Gb  usbd_desc.o [1]
USBD_static_free        0x0800900d    0x2  Code  Gb  usbd_conf.o [1]
USBD_static_malloc      0x08008ff1    0x4  Code  Gb  usbd_conf.o [1]
USB_ActivateEndpoint    0x0800a319  0x236  Code  Gb  stm32f1xx_ll_usb.o [1]
USB_CoreInit            0x0800a2db    0x4  Code  Gb  stm32f1xx_ll_usb.o [1]
USB_DeactivateEndpoint  0x0800a565  0x120  Code  Gb  stm32f1xx_ll_usb.o [1]
USB_DevConnect          0x0800a8bf    0x4  Code  Gb  stm32f1xx_ll_usb.o [1]
USB_DevDisconnect       0x0800a8c3    0x4  Code  Gb  stm32f1xx_ll_usb.o [1]
USB_DevInit             0x0800a2f7   0x14  Code  Gb  stm32f1xx_ll_usb.o [1]
USB_DisableGlobalInt    0x0800a2e9    0xa  Code  Gb  stm32f1xx_ll_usb.o [1]
USB_EP0_OutStart        0x0800a8cd    0x4  Code  Gb  stm32f1xx_ll_usb.o [1]
USB_EPClearStall        0x0800a851   0x62  Code  Gb  stm32f1xx_ll_usb.o [1]
USB_EPSetStall          0x0800a807   0x4a  Code  Gb  stm32f1xx_ll_usb.o [1]
USB_EPStartXfer         0x0800a699  0x134  Code  Gb  stm32f1xx_ll_usb.o [1]
USB_EnableGlobalInt     0x0800a2df    0xa  Code  Gb  stm32f1xx_ll_usb.o [1]
USB_FlushRxFifo         0x0800a315    0x4  Code  Gb  stm32f1xx_ll_usb.o [1]
USB_FlushTxFifo         0x0800a311    0x4  Code  Gb  stm32f1xx_ll_usb.o [1]
USB_LP_CAN1_RX0_IRQHandler
                        0x0800b299    0x6  Code  Gb  stm32f1xx_it.o [1]
USB_ReadInterrupts      0x0800a8c7    0x6  Code  Gb  stm32f1xx_ll_usb.o [1]
USB_ReadPMA             0x0800a903   0x1c  Code  Gb  stm32f1xx_ll_usb.o [1]
USB_SetCurrentMode      0x0800a2f3    0x4  Code  Gb  stm32f1xx_ll_usb.o [1]
USB_SetDevAddress       0x0800a8b3    0xc  Code  Gb  stm32f1xx_ll_usb.o [1]
USB_WritePMA            0x0800a8db   0x28  Code  Gb  stm32f1xx_ll_usb.o [1]
USER_Driver             0x20000108   0x14  Data  Gb  user_diskio.o [1]
USER_Path               0x20002330    0x4  Data  Gb  fatfs.o [1]
USER_initialize         0x0800b221    0x4  Code  Gb  user_diskio.o [1]
USER_ioctl              0x0800b251   0x22  Code  Gb  user_diskio.o [1]
USER_read               0x0800b229   0x14  Code  Gb  user_diskio.o [1]
USER_status             0x0800b225    0x4  Code  Gb  user_diskio.o [1]
USER_write              0x0800b23d   0x14  Code  Gb  user_diskio.o [1]
UsageFault_Handler      0x0800b27d    0x2  Code  Gb  stm32f1xx_it.o [1]
_Error_Handler          0x0800736d    0x2  Code  Gb  main.o [1]
_GenldFull              0x08005dfb  0x264  Code  Lc  xprintffull.o [3]
_LdtobFull              0x080059f9  0x3fc  Code  Lc  xprintffull.o [3]
_LitobFull              0x080058f1  0x106  Code  Lc  xprintffull.o [3]
_PrintfFull             0x080052fd  0x580  Code  Gb  xprintffull.o [3]
_PutcharsFull           0x0800605f   0x2e  Code  Lc  xprintffull.o [3]
_SProut                 0x08002703    0xa  Code  Gb  xsprout.o [3]
__aeabi_cdcmple         0x0800753d         Code  Gb  DblCmpLe.o [4]
__aeabi_cdrcmple        0x0800756d         Code  Gb  DblCmpGe.o [4]
__aeabi_d2iz            0x080076ad         Code  Gb  DblToI32.o [4]
__aeabi_d2uiz           0x080076d9         Code  Gb  DblToI32.o [4]
__aeabi_ddiv            0x08007a59         Code  Gb  DblDiv.o [4]
__aeabi_dmul            0x080078b5         Code  Gb  DblMul.o [4]
__aeabi_dsub            0x08007735         Code  Gb  DblSub.o [4]
__aeabi_f2d             0x08003521         Code  Gb  FltToDbl.o [4]
__aeabi_f2iz            0x080060a9         Code  Gb  FltToS32.o [4]
__aeabi_fadd            0x0800349d         Code  Gb  FltAdd.o [4]
__aeabi_fdiv            0x080033a1         Code  Gb  FltDiv.o [4]
__aeabi_fmul            0x080061d5         Code  Gb  FltMul.o [4]
__aeabi_fsub            0x080060ed         Code  Gb  FltSub.o [4]
__aeabi_i2d             0x08007705         Code  Gb  I32ToDbl.o [4]
__aeabi_ldiv0           0x0800890d         Code  Gb  I64DivZer.o [5]
__aeabi_memclr4         0x0800a921         Code  Gb  ABImemclr4.o [5]
__aeabi_memset          0x08006455         Code  Gb  ABImemset.o [5]
__aeabi_ui2d            0x08007719         Code  Gb  I32ToDbl.o [4]
__aeabi_ui2f            0x08003381         Code  Gb  I32ToFlt.o [4]
__aeabi_uldivmod        0x0800740d         Code  Gb  I64DivMod.o [5]
__cmain                 0x0800b375         Code  Gb  cmain.o [5]
__exit                  0x0800b3a5   0x14  Code  Gb  exit.o [6]
__iar_Dnorm             0x080074fb   0x42  Code  Gb  xdnorm.o [4]
__iar_Dscale            0x0800759d  0x110  Code  Gb  xdscale.o [4]
__iar_Memchr            0x080073b5         Code  Gb  memchr.o [5]
__iar_Memset            0x08006455         Code  Gb  ABImemset.o [5]
__iar_Memset4_word      0x0800a929         Code  Gb  ABImemset48.o [5]
__iar_Memset8_word      0x0800a929         Code  Gb  ABImemset48.o [5]
__iar_Memset_word       0x0800645d         Code  Gb  ABImemset.o [5]
__iar_Strchr            0x0800739d         Code  Gb  strchr.o [5]
__iar_copy_init3        0x0800218f   0x2e  Code  Gb  copy_init3.o [5]
__iar_d2uiz             0x080076e5         Code  Gb  DblToI32.o [4]
__iar_dadd              0x08008911         Code  Gb  DblAdd.o [4]
__iar_data_init3        0x0800b305   0x28  Code  Gb  data_init.o [5]
__iar_dsub              0x08007749         Code  Gb  DblSub.o [4]
__iar_dsubStart         0x0800775b         Code  Gb  DblSub.o [4]
__iar_fadd              0x080034ad         Code  Gb  FltAdd.o [4]
__iar_fsub              0x080060fd         Code  Gb  FltSub.o [4]
__iar_fsubStart         0x0800610d         Code  Gb  FltSub.o [4]
__iar_program_start     0x0800b3e1         Code  Gb  cstartup_M.o [5]
__iar_strcmp            0x08002da5         Code  Gb  strcmp_unaligned.o [5]
__iar_ui2d              0x0800771d         Code  Gb  I32ToDbl.o [4]
__iar_ui2f              0x08003385         Code  Gb  I32ToFlt.o [4]
__iar_unaligned___aeabi_memcpy
                        0x08002609         Code  Gb  ABImemcpy_unaligned.o [5]
__iar_unaligned___aeabi_memcpy4
                        0x08002629         Code  Gb  ABImemcpy_unaligned.o [5]
__iar_unaligned___aeabi_memcpy8
                        0x08002629         Code  Gb  ABImemcpy_unaligned.o [5]
__iar_unaligned_memcmp  0x080026a1         Code  Gb  memcmp_unaligned.o [5]
__iar_unaligned_strcmp  0x08002da5         Code  Gb  strcmp_unaligned.o [5]
__iar_unaligned_strcpy  0x08002e15         Code  Gb  strcpy_unaligned.o [5]
__iar_zero_init3        0x0800267f   0x22  Code  Gb  zero_init3.o [5]
__low_level_init        0x0800b38f    0x4  Code  Gb  low_level_init.o [3]
__vector_table          0x08000000         Data  Gb  startup_stm32f103xb.o [1]
_call_main              0x0800b381         Code  Gb  cmain.o [5]
_exit                   0x0800b399         Code  Gb  cexit.o [5]
_main                   0x0800b38b         Code  Gb  cmain.o [5]
alarm_count             0x20002389    0x1  Data  Gb  main.o [1]
apn_name                0x2000222c   0x20  Data  Gb  main.o [1]
bcd2bin                 0x08003077   0x10  Code  Gb  rtc.o [1]
bin2bcd                 0x08003061   0x16  Code  Gb  rtc.o [1]
buf                     0x20000238  0x100  Data  Gb  main.o [1]
check_fs                0x08003fbb   0x66  Code  Lc  ff.o [1]
chk_lock                0x08003593   0x6c  Code  Lc  ff.o [1]
clear_eeprom            0x08002f03   0x30  Code  Gb  eeprom_ext.o [1]
clear_lock              0x080036af   0x1e  Code  Lc  ff.o [1]
clmt_clust              0x08003ae3   0x2e  Code  Lc  ff.o [1]
clock                   0x20000134    0x8  Data  Gb  main.o [1]
clust2sect              0x0800380b   0x1e  Code  Gb  ff.o [1]
count                   0x20002360    0x2  Data  Gb  main.o [1]
create_chain            0x08003a2f   0xa6  Code  Lc  ff.o [1]
create_name             0x08003d4f   0xf2  Code  Lc  ff.o [1]
dec_lock                0x08003679   0x36  Code  Lc  ff.o [1]
delayms                 0x08002de9    0xc  Code  Gb  my_delay.o [1]
delayus                 0x08002df5    0xa  Code  Gb  my_delay.o [1]
delta_rain_level        0x20002340    0x4  Data  Gb  main.o [1]
delta_water_level       0x2000237c    0x2  Data  Gb  main.o [1]
dir_next                0x08003ba5  0x108  Code  Lc  ff.o [1]
dir_register            0x08003cdf   0x68  Code  Lc  ff.o [1]
dir_sdi                 0x08003b11   0x94  Code  Lc  ff.o [1]
disk                    0x20002314    0xc  Data  Gb  ff_gen_drv.o [1]
disk_initialize         0x080067db   0x1e  Code  Gb  diskio.o [1]
disk_ioctl              0x08006821   0x18  Code  Gb  diskio.o [1]
disk_read               0x080067f9    0xc  Code  Gb  diskio.o [1]
disk_status             0x080067c9   0x12  Code  Gb  diskio.o [1]
disk_write              0x08006805    0xc  Code  Gb  diskio.o [1]
display_count           0x2000238a    0x1  Data  Gb  main.o [1]
div                     0x08007c9f    0xe  Code  Gb  div.o [3]
enter_critical_section  0x08002bf3   0x24  Code  Gb  main_func.o [1]
exit                    0x0800b393    0x4  Code  Gb  exit.o [3]
exit_critical_section   0x08002c17   0x24  Code  Gb  main_func.o [1]
ext_device              0x2000022c    0x4  Data  Gb  main.o [1]
f_close                 0x080048c9   0x24  Code  Gb  ff.o [1]
f_lseek                 0x080048ed  0x1e8  Code  Gb  ff.o [1]
f_mount                 0x0800434f   0x5a  Code  Gb  ff.o [1]
f_open                  0x080043a9  0x17c  Code  Gb  ff.o [1]
f_read                  0x08004541  0x138  Code  Gb  ff.o [1]
f_sync                  0x08004815   0x9e  Code  Gb  ff.o [1]
f_write                 0x08004679  0x15e  Code  Gb  ff.o [1]
fc_clr_time             0x20002392    0x1  Data  Gb  main.o [1]
fc_off_time             0x20002396    0x1  Data  Gb  main.o [1]
fc_on_time              0x20002395    0x1  Data  Gb  main.o [1]
find_volume             0x08004025  0x2ea  Code  Lc  ff.o [1]
flag                    0x20000144    0x8  Data  Gb  main.o [1]
flush_buf               0x080005c7   0x14  Code  Gb  gsm.o [1]
follow_path             0x08003ed5   0xa2  Code  Lc  ff.o [1]
ftp_path_separator      0x2000239b    0x1  Data  Gb  main.o [1]
get_fat                 0x08003829   0xb8  Code  Gb  ff.o [1]
get_fattime             0x08006855    0x4  Code  Gb  fatfs.o [1]
get_ldnumber            0x08003f7d   0x3e  Code  Lc  ff.o [1]
gprs_auto_upload        0x2000239a    0x1  Data  Gb  main.o [1]
gprs_buffer             0x20001ee0   0xfc  Data  Gb  main.o [1]
gprs_first_connect      0x20002399    0x1  Data  Gb  main.o [1]
gprs_upload_time        0x20002386    0x2  Data  Gb  main.o [1]
gsm_off_time            0x2000013d    0x1  Data  Gb  main.o [1]
hUsbDeviceFS            0x200018b0  0x224  Data  Gb  usb_device.o [1]
hadc1                   0x200001ac   0x30  Data  Gb  main.o [1]
hdma_usart1_rx          0x2000216c   0x38  Data  Gb  main.o [1]
heater_control          0x20002398    0x1  Data  Gb  main.o [1]
hiwdg                   0x2000021c   0x10  Data  Gb  main.o [1]
hpcd_USB_FS             0x20000ff0  0x420  Data  Gb  usbd_conf.o [1]
hrtc                    0x200022a4   0x14  Data  Gb  main.o [1]
hspi1                   0x20000154   0x58  Data  Gb  main.o [1]
htim2                   0x200020f4   0x3c  Data  Gb  main.o [1]
htim4                   0x20002130   0x3c  Data  Gb  main.o [1]
huart1                  0x200001dc   0x40  Data  Gb  main.o [1]
i                       0x20002366    0x2  Data  Gb  main.o [1]
iDay                    0x20002310    0x2  Data  Gb  rtc.o [1]
iMonth                  0x2000230e    0x2  Data  Gb  rtc.o [1]
iYear                   0x2000230c    0x2  Data  Gb  rtc.o [1]
iic_busy_timeout        0x2000013c    0x1  Data  Gb  main.o [1]
iic_count               0x2000238b    0x1  Data  Gb  main.o [1]
iic_pwr_count           0x20002391    0x1  Data  Gb  main.o [1]
inc_lock                0x080035ff   0x7a  Code  Lc  ff.o [1]
lcdprocess              0x20002388    0x1  Data  Gb  lcdlib.o [1]
ld_clust                0x08003cad   0x20  Code  Lc  ff.o [1]
log_buffer              0x20002040   0x64  Data  Gb  main.o [1]
log_data                0x080027d9  0x10a  Code  Gb  main_func.o [1]
log_header              0x200022e0   0x14  Data  Gb  main.o [1]
log_time                0x2000236e    0x2  Data  Gb  main.o [1]
loop_timeout            0x20002390    0x1  Data  Gb  main.o [1]
lowercase               0x080016d1   0x1c  Code  Gb  gsm.o [1]
main                    0x08006db5  0x31e  Code  Gb  main.o [1]
mem_cpy                 0x08003571   0x14  Code  Lc  ff.o [1]
mem_set                 0x08003585    0xe  Code  Lc  ff.o [1]
memchr                  0x080073b5         Code  Gb  memchr.o [5]
minute_rain             0x20002348    0x4  Data  Gb  main.o [1]
minute_rain_cou         0x20002378    0x2  Data  Gb  main.o [1]
move_window             0x08003723   0x38  Code  Lc  ff.o [1]
next_log_time           0x20002370    0x2  Data  Gb  main.o [1]
p_rec_cou               0x2000238f    0x1  Data  Gb  main.o [1]
parity_check            0x0800631f   0x1e  Code  Gb  sdi12.o [1]
password                0x2000236c    0x2  Data  Gb  main.o [1]
put_fat                 0x080038e1   0xe0  Code  Gb  ff.o [1]
rain_cou                0x20002362    0x2  Data  Gb  main.o [1]
rain_level              0x2000233c    0x4  Data  Gb  main.o [1]
rain_register           0x200020a4   0x50  Data  Gb  main.o [1]
rain_register_index     0x20002397    0x1  Data  Gb  main.o [1]
rain_time               0x20002344    0x4  Data  Gb  main.o [1]
read_exteeprom_ary      0x08002ed7    0xc  Code  Gb  eeprom_ext.o [1]
read_exteeprom_byte     0x08002e9d    0x4  Code  Gb  eeprom_ext.o [1]
read_exteeprom_dword    0x08002ec5    0x4  Code  Gb  eeprom_ext.o [1]
read_exteeprom_float    0x08002ec9    0xe  Code  Gb  eeprom_ext.o [1]
read_exteeprom_word     0x08002ea1    0x2  Code  Gb  eeprom_ext.o [1]
read_water_level        0x080029eb   0x6a  Code  Gb  main_func.o [1]
rec_cou                 0x2000238c    0x1  Data  Gb  main.o [1]
remove_chain            0x080039c9   0x66  Code  Lc  ff.o [1]
res                     0x2000239c    0x1  Data  Gb  main.o [1]
retUSER                 0x2000232c    0x1  Data  Gb  fatfs.o [1]
return_time             0x20000130    0x2  Data  Gb  main.o [1]
rf_pwr_count            0x2000238d    0x1  Data  Gb  main.o [1]
rtc_gettime             0x08003087   0x30  Code  Gb  rtc.o [1]
rtc_gettime_shamsi      0x080030bb   0x36  Code  Gb  rtc.o [1]
rtc_settime             0x080030f1   0x5a  Code  Gb  rtc.o [1]
rtc_settime_shamsi      0x0800314b   0x3c  Code  Gb  rtc.o [1]
sdi_dir_in              0x080062c5   0x10  Code  Gb  sdi12.o [1]
sdi_dir_out             0x080062ad   0x18  Code  Gb  sdi12.o [1]
send_count              0x2000235e    0x2  Data  Gb  main.o [1]
server_filename         0x200021d8   0x34  Data  Gb  main.o [1]
server_password         0x200022b8   0x14  Data  Gb  main.o [1]
server_path             0x20001fdc   0x64  Data  Gb  main.o [1]
server_url              0x200021a4   0x34  Data  Gb  main.o [1]
server_username         0x2000220c   0x20  Data  Gb  main.o [1]
sms_pointer             0x20000230    0x4  Data  Gb  main.o [1]
sms_pointer1            0x20000234    0x4  Data  Gb  main.o [1]
sprintf                 0x080025d5   0x34  Code  Gb  sprintf.o [3]
st_clust                0x08003ccd   0x12  Code  Lc  ff.o [1]
st_type                 0x20002394    0x1  Data  Gb  main.o [1]
station_address         0x0800b3f4    0x4  Data  Gb  main.o [1]
station_name            0x20000038   0x20  Data  Gb  main.o [1]
strcat                  0x08003365   0x1c  Code  Gb  strcat.o [3]
strchr                  0x0800739d         Code  Gb  strchr.o [5]
strcopy                 0x080015f7   0x22  Code  Gb  gsm.o [1]
strlen                  0x08002159         Code  Gb  strlen.o [5]
strtolong               0x080029b7   0x34  Code  Gb  main_func.o [1]
sync_fs                 0x0800375b   0xb0  Code  Lc  ff.o [1]
sync_window             0x080036cd   0x48  Code  Lc  ff.o [1]
temp_clock              0x20002304    0x8  Data  Gb  rtc.o [1]
temp_time               0x2000236a    0x2  Data  Gb  main.o [1]
test_mode_timeout       0x20002368    0x2  Data  Gb  main.o [1]
thali_buf               0x200022cc   0x14  Data  Gb  main.o [1]
thali_readresp          0x0800633d   0x70  Code  Gb  sdi12.o [1]
thali_sendchar          0x080063ad   0x54  Code  Gb  sdi12.o [1]
thali_sendcmd           0x08006401   0x40  Code  Gb  sdi12.o [1]
time_out                0x2000238e    0x1  Data  Gb  main.o [1]
uCRCErrorWorkaroundCheck
                        0x2000239d    0x1  Data  Gb  stm32f1xx_hal_spi_ex.o [1]
upload_file             0x08001a9b  0x37c  Code  Gb  gsm.o [1]
upload_instant          0x080016ed  0x314  Code  Gb  gsm.o [1]
upload_time_table       0x20002320    0xc  Data  Gb  main.o [1]
usart_rain_cou          0x20002393    0x1  Data  Gb  main.o [1]
user_sms_count          0x20002382    0x2  Data  Gb  main.o [1]
user_sms_timeout        0x20002384    0x2  Data  Gb  main.o [1]
uwTick                  0x20002358    0x4  Data  Lc  stm32f1xx_hal.o [1]
validate                0x0800431b   0x34  Code  Lc  ff.o [1]
wakeup_cou              0x20002364    0x2  Data  Gb  main.o [1]
water_level             0x2000237a    0x2  Data  Gb  main.o [1]
write_exteeprom_ary     0x08002e8f    0xe  Code  Gb  eeprom_ext.o [1]
write_exteeprom_byte    0x08002e59    0x4  Code  Gb  eeprom_ext.o [1]
write_exteeprom_dword   0x08002e87    0x4  Code  Gb  eeprom_ext.o [1]
write_exteeprom_float   0x08002e8b    0x4  Code  Gb  eeprom_ext.o [1]
write_exteeprom_word    0x08002e5d    0x2  Code  Gb  eeprom_ext.o [1]


[1] = D:\Nasir\MarvElectronic\rtu_mini\EWARM\rtu_mini\Obj
[2] = command line
[3] = dl7M_tln.a
[4] = m7M_tl.a
[5] = rt7M_tl.a
[6] = shb_l.a

  46 120 bytes of readonly  code memory
     416 bytes of readonly  data memory
  10 143 bytes of readwrite data memory

Errors: none
Warnings: none
