ARM Linker, 5.03 [Build 76] [MDK-ARM Professional]

==============================================================================

Section Cross References

    startup_stm32f103xb.o(RESET) refers to startup_stm32f103xb.o(STACK) for __initial_sp
    startup_stm32f103xb.o(RESET) refers to startup_stm32f103xb.o(.text) for Reset_Handler
    startup_stm32f103xb.o(RESET) refers to stm32f1xx_it.o(i.NMI_Handler) for NMI_Handler
    startup_stm32f103xb.o(RESET) refers to stm32f1xx_it.o(i.HardFault_Handler) for HardFault_Handler
    startup_stm32f103xb.o(RESET) refers to stm32f1xx_it.o(i.MemManage_Handler) for MemManage_Handler
    startup_stm32f103xb.o(RESET) refers to stm32f1xx_it.o(i.BusFault_Handler) for BusFault_Handler
    startup_stm32f103xb.o(RESET) refers to stm32f1xx_it.o(i.UsageFault_Handler) for UsageFault_Handler
    startup_stm32f103xb.o(RESET) refers to stm32f1xx_it.o(i.SVC_Handler) for SVC_Handler
    startup_stm32f103xb.o(RESET) refers to stm32f1xx_it.o(i.DebugMon_Handler) for DebugMon_Handler
    startup_stm32f103xb.o(RESET) refers to stm32f1xx_it.o(i.PendSV_Handler) for PendSV_Handler
    startup_stm32f103xb.o(RESET) refers to stm32f1xx_it.o(i.SysTick_Handler) for SysTick_Handler
    startup_stm32f103xb.o(RESET) refers to stm32f1xx_it.o(i.DMA1_Channel5_IRQHandler) for DMA1_Channel5_IRQHandler
    startup_stm32f103xb.o(RESET) refers to stm32f1xx_it.o(i.USB_LP_CAN1_RX0_IRQHandler) for USB_LP_CAN1_RX0_IRQHandler
    startup_stm32f103xb.o(RESET) refers to stm32f1xx_it.o(i.TIM2_IRQHandler) for TIM2_IRQHandler
    startup_stm32f103xb.o(RESET) refers to stm32f1xx_it.o(i.TIM4_IRQHandler) for TIM4_IRQHandler
    startup_stm32f103xb.o(.text) refers to system_stm32f1xx.o(i.SystemInit) for SystemInit
    startup_stm32f103xb.o(.text) refers to entry.o(.ARM.Collect$$$$00000000) for __main
    system_stm32f1xx.o(i.SystemCoreClockUpdate) refers to system_stm32f1xx.o(.data) for .data
    system_stm32f1xx.o(i.SystemCoreClockUpdate) refers to system_stm32f1xx.o(.constdata) for .constdata
    main.o(i.MX_ADC1_Init) refers to stm32f1xx_hal_adc.o(i.HAL_ADC_Init) for HAL_ADC_Init
    main.o(i.MX_ADC1_Init) refers to main.o(i._Error_Handler) for _Error_Handler
    main.o(i.MX_ADC1_Init) refers to stm32f1xx_hal_adc.o(i.HAL_ADC_ConfigChannel) for HAL_ADC_ConfigChannel
    main.o(i.MX_ADC1_Init) refers to main.o(.bss) for .bss
    main.o(i.MX_DMA_Init) refers to stm32f1xx_hal_cortex.o(i.HAL_NVIC_SetPriority) for HAL_NVIC_SetPriority
    main.o(i.MX_DMA_Init) refers to stm32f1xx_hal_cortex.o(i.HAL_NVIC_EnableIRQ) for HAL_NVIC_EnableIRQ
    main.o(i.MX_GPIO_Init) refers to stm32f1xx_hal_gpio.o(i.HAL_GPIO_WritePin) for HAL_GPIO_WritePin
    main.o(i.MX_GPIO_Init) refers to stm32f1xx_hal_gpio.o(i.HAL_GPIO_Init) for HAL_GPIO_Init
    main.o(i.MX_IWDG_Init) refers to stm32f1xx_hal_iwdg.o(i.HAL_IWDG_Init) for HAL_IWDG_Init
    main.o(i.MX_IWDG_Init) refers to main.o(i._Error_Handler) for _Error_Handler
    main.o(i.MX_IWDG_Init) refers to main.o(.bss) for .bss
    main.o(i.MX_SPI1_Init) refers to stm32f1xx_hal_spi_ex.o(i.HAL_SPI_Init) for HAL_SPI_Init
    main.o(i.MX_SPI1_Init) refers to main.o(i._Error_Handler) for _Error_Handler
    main.o(i.MX_SPI1_Init) refers to main.o(.bss) for .bss
    main.o(i.MX_TIM2_Init) refers to stm32f1xx_hal_tim.o(i.HAL_TIM_Base_Init) for HAL_TIM_Base_Init
    main.o(i.MX_TIM2_Init) refers to main.o(i._Error_Handler) for _Error_Handler
    main.o(i.MX_TIM2_Init) refers to stm32f1xx_hal_tim.o(i.HAL_TIM_ConfigClockSource) for HAL_TIM_ConfigClockSource
    main.o(i.MX_TIM2_Init) refers to stm32f1xx_hal_tim_ex.o(i.HAL_TIMEx_MasterConfigSynchronization) for HAL_TIMEx_MasterConfigSynchronization
    main.o(i.MX_TIM2_Init) refers to main.o(.bss) for .bss
    main.o(i.MX_TIM4_Init) refers to stm32f1xx_hal_tim.o(i.HAL_TIM_Base_Init) for HAL_TIM_Base_Init
    main.o(i.MX_TIM4_Init) refers to main.o(i._Error_Handler) for _Error_Handler
    main.o(i.MX_TIM4_Init) refers to stm32f1xx_hal_tim.o(i.HAL_TIM_ConfigClockSource) for HAL_TIM_ConfigClockSource
    main.o(i.MX_TIM4_Init) refers to stm32f1xx_hal_tim_ex.o(i.HAL_TIMEx_MasterConfigSynchronization) for HAL_TIMEx_MasterConfigSynchronization
    main.o(i.MX_TIM4_Init) refers to main.o(.bss) for .bss
    main.o(i.MX_USART1_UART_Init) refers to stm32f1xx_hal_uart.o(i.HAL_UART_Init) for HAL_UART_Init
    main.o(i.MX_USART1_UART_Init) refers to main.o(i._Error_Handler) for _Error_Handler
    main.o(i.MX_USART1_UART_Init) refers to main.o(.bss) for .bss
    main.o(i.SystemClock_Config) refers to stm32f1xx_hal_rcc.o(i.HAL_RCC_OscConfig) for HAL_RCC_OscConfig
    main.o(i.SystemClock_Config) refers to main.o(i._Error_Handler) for _Error_Handler
    main.o(i.SystemClock_Config) refers to stm32f1xx_hal_rcc.o(i.HAL_RCC_ClockConfig) for HAL_RCC_ClockConfig
    main.o(i.SystemClock_Config) refers to stm32f1xx_hal_rcc_ex.o(i.HAL_RCCEx_PeriphCLKConfig) for HAL_RCCEx_PeriphCLKConfig
[...]
    ShamsiToMiladi                           0x0800691d   Thumb Code   164  rtc.o(i.ShamsiToMiladi)
    SimChargeCat                             0x080069c9   Thumb Code   134  gsm.o(i.SimChargeCat)
    StrSearch                                0x08006a7d   Thumb Code    90  gsm.o(i.StrSearch)
    StrSearch_P                              0x08006ad7   Thumb Code    94  gsm.o(i.StrSearch_P)
    SysTick_Handler                          0x08006b35   Thumb Code    14  stm32f1xx_it.o(i.SysTick_Handler)
    SystemClock_Config                       0x08006b45   Thumb Code   158  main.o(i.SystemClock_Config)
    SystemInit                               0x08006bf5   Thumb Code    56  system_stm32f1xx.o(i.SystemInit)
    TIM2_IRQHandler                          0x08006c3d   Thumb Code     6  stm32f1xx_it.o(i.TIM2_IRQHandler)
    TIM4_IRQHandler                          0x08006c49   Thumb Code     6  stm32f1xx_it.o(i.TIM4_IRQHandler)
    TIM_Base_SetConfig                       0x08006c55   Thumb Code    86  stm32f1xx_hal_tim.o(i.TIM_Base_SetConfig)
    USBD_ClrClassConfig                      0x08006fe7   Thumb Code    14  usbd_core.o(i.USBD_ClrClassConfig)
    USBD_CtlContinueRx                       0x08007031   Thumb Code    16  usbd_ioreq.o(i.USBD_CtlContinueRx)
    USBD_CtlContinueSendData                 0x08007041   Thumb Code    16  usbd_ioreq.o(i.USBD_CtlContinueSendData)
    USBD_CtlError                            0x08007051   Thumb Code    24  usbd_ctlreq.o(i.USBD_CtlError)
    USBD_CtlReceiveStatus                    0x08007069   Thumb Code    22  usbd_ioreq.o(i.USBD_CtlReceiveStatus)
    USBD_CtlSendData                         0x0800707f   Thumb Code    26  usbd_ioreq.o(i.USBD_CtlSendData)
    USBD_CtlSendStatus                       0x08007099   Thumb Code    22  usbd_ioreq.o(i.USBD_CtlSendStatus)
    USBD_FS_ConfigStrDescriptor              0x080070b1   Thumb Code    32  usbd_desc.o(i.USBD_FS_ConfigStrDescriptor)
    USBD_FS_DeviceDescriptor                 0x080070e1   Thumb Code     8  usbd_desc.o(i.USBD_FS_DeviceDescriptor)
    USBD_FS_InterfaceStrDescriptor           0x080070ed   Thumb Code    32  usbd_desc.o(i.USBD_FS_InterfaceStrDescriptor)
    USBD_FS_LangIDStrDescriptor              0x08007121   Thumb Code     8  usbd_desc.o(i.USBD_FS_LangIDStrDescriptor)
    USBD_FS_ManufacturerStrDescriptor        0x0800712d   Thumb Code    16  usbd_desc.o(i.USBD_FS_ManufacturerStrDescriptor)
    USBD_FS_ProductStrDescriptor             0x08007155   Thumb Code    32  usbd_desc.o(i.USBD_FS_ProductStrDescriptor)
    USBD_FS_SerialStrDescriptor              0x0800718d   Thumb Code    32  usbd_desc.o(i.USBD_FS_SerialStrDescriptor)
    USBD_GetString                           0x0800735b   Thumb Code    60  usbd_ctlreq.o(i.USBD_GetString)
    USBD_Init                                0x08007397   Thumb Code    44  usbd_core.o(i.USBD_Init)
    USBD_LL_ClearStallEP                     0x080073c3   Thumb Code    44  usbd_conf.o(i.USBD_LL_ClearStallEP)
    USBD_LL_CloseEP                          0x080073ef   Thumb Code    44  usbd_conf.o(i.USBD_LL_CloseEP)
    USBD_LL_DataInStage                      0x0800741b   Thumb Code   186  usbd_core.o(i.USBD_LL_DataInStage)
    USBD_LL_DataOutStage                     0x080074d5   Thumb Code   108  usbd_core.o(i.USBD_LL_DataOutStage)
    USBD_LL_FlushEP                          0x08007541   Thumb Code    44  usbd_conf.o(i.USBD_LL_FlushEP)
    USBD_LL_GetRxDataSize                    0x0800756d   Thumb Code     8  usbd_conf.o(i.USBD_LL_GetRxDataSize)
    USBD_LL_Init                             0x08007575   Thumb Code   110  usbd_conf.o(i.USBD_LL_Init)
    USBD_LL_IsStallEP                        0x08007601   Thumb Code    30  usbd_conf.o(i.USBD_LL_IsStallEP)
    USBD_LL_OpenEP                           0x0800761f   Thumb Code    50  usbd_conf.o(i.USBD_LL_OpenEP)
    USBD_LL_PrepareReceive                   0x08007651   Thumb Code    44  usbd_conf.o(i.USBD_LL_PrepareReceive)
    USBD_LL_Reset                            0x0800767d   Thumb Code    64  usbd_core.o(i.USBD_LL_Reset)
    USBD_LL_Resume                           0x080076bd   Thumb Code    12  usbd_core.o(i.USBD_LL_Resume)
    USBD_LL_SOF                              0x080076c9   Thumb Code    24  usbd_core.o(i.USBD_LL_SOF)
    USBD_LL_SetSpeed                         0x080076e1   Thumb Code     6  usbd_core.o(i.USBD_LL_SetSpeed)
    USBD_LL_SetUSBAddress                    0x080076e7   Thumb Code    44  usbd_conf.o(i.USBD_LL_SetUSBAddress)
    USBD_LL_SetupStage                       0x08007713   Thumb Code    90  usbd_core.o(i.USBD_LL_SetupStage)
    USBD_LL_StallEP                          0x0800776d   Thumb Code    44  usbd_conf.o(i.USBD_LL_StallEP)
    USBD_LL_Start                            0x08007799   Thumb Code    44  usbd_conf.o(i.USBD_LL_Start)
    USBD_LL_Suspend                          0x080077c5   Thumb Code    20  usbd_core.o(i.USBD_LL_Suspend)
    USBD_LL_Transmit                         0x080077d9   Thumb Code    44  usbd_conf.o(i.USBD_LL_Transmit)
    USBD_MSC_DataIn                          0x08007805   Thumb Code    10  usbd_msc.o(i.USBD_MSC_DataIn)
    USBD_MSC_DataOut                         0x0800780f   Thumb Code    10  usbd_msc.o(i.USBD_MSC_DataOut)
    USBD_MSC_DeInit                          0x08007819   Thumb Code    46  usbd_msc.o(i.USBD_MSC_DeInit)
    USBD_MSC_GetDeviceQualifierDescriptor    0x08007849   Thumb Code     8  usbd_msc.o(i.USBD_MSC_GetDeviceQualifierDescriptor)
    USBD_MSC_GetFSCfgDesc                    0x08007855   Thumb Code     8  usbd_msc.o(i.USBD_MSC_GetFSCfgDesc)
    USBD_MSC_GetHSCfgDesc                    0x08007861   Thumb Code     8  usbd_msc.o(i.USBD_MSC_GetHSCfgDesc)
    USBD_MSC_GetOtherSpeedCfgDesc            0x0800786d   Thumb Code     8  usbd_msc.o(i.USBD_MSC_GetOtherSpeedCfgDesc)
    USBD_MSC_Init                            0x08007879   Thumb Code    94  usbd_msc.o(i.USBD_MSC_Init)
    USBD_MSC_RegisterStorage                 0x080078d7   Thumb Code    12  usbd_msc.o(i.USBD_MSC_RegisterStorage)
    USBD_MSC_Setup                           0x080078e3   Thumb Code   254  usbd_msc.o(i.USBD_MSC_Setup)
    USBD_ParseSetupRequest                   0x080079e1   Thumb Code    40  usbd_ctlreq.o(i.USBD_ParseSetupRequest)
    USBD_RegisterClass                       0x08007a09   Thumb Code    18  usbd_core.o(i.USBD_RegisterClass)
    USBD_RunTestMode                         0x08007a1b   Thumb Code     4  usbd_core.o(i.USBD_RunTestMode)
    USBD_SetClassConfig                      0x08007a73   Thumb Code    24  usbd_core.o(i.USBD_SetClassConfig)
    USBD_Start                               0x08007b75   Thumb Code    10  usbd_core.o(i.USBD_Start)
    USBD_StdDevReq                           0x08007b7f   Thumb Code    74  usbd_ctlreq.o(i.USBD_StdDevReq)
    USBD_StdEPReq                            0x08007bc9   Thumb Code   288  usbd_ctlreq.o(i.USBD_StdEPReq)
    USBD_StdItfReq                           0x08007ce9   Thumb Code    68  usbd_ctlreq.o(i.USBD_StdItfReq)
    USBD_static_free                         0x08007d2d   Thumb Code     2  usbd_conf.o(i.USBD_static_free)
    USBD_static_malloc                       0x08007d31   Thumb Code     4  usbd_conf.o(i.USBD_static_malloc)
    USB_ActivateEndpoint                     0x08007d39   Thumb Code   664  stm32f1xx_ll_usb.o(i.USB_ActivateEndpoint)
    USB_CoreInit                             0x08007fd1   Thumb Code     4  stm32f1xx_ll_usb.o(i.USB_CoreInit)
    USB_DeactivateEndpoint                   0x08007fd5   Thumb Code   312  stm32f1xx_ll_usb.o(i.USB_DeactivateEndpoint)
    USB_DevConnect                           0x0800810d   Thumb Code     4  stm32f1xx_ll_usb.o(i.USB_DevConnect)
    USB_DevDisconnect                        0x08008111   Thumb Code     4  stm32f1xx_ll_usb.o(i.USB_DevDisconnect)
    USB_DevInit                              0x08008115   Thumb Code    18  stm32f1xx_ll_usb.o(i.USB_DevInit)
    USB_DisableGlobalInt                     0x08008127   Thumb Code    14  stm32f1xx_ll_usb.o(i.USB_DisableGlobalInt)
    USB_EP0_OutStart                         0x08008135   Thumb Code     4  stm32f1xx_ll_usb.o(i.USB_EP0_OutStart)
    USB_EPClearStall                         0x08008139   Thumb Code   124  stm32f1xx_ll_usb.o(i.USB_EPClearStall)
    USB_EPSetStall                           0x080081b5   Thumb Code    84  stm32f1xx_ll_usb.o(i.USB_EPSetStall)
    USB_EPStartXfer                          0x08008209   Thumb Code   524  stm32f1xx_ll_usb.o(i.USB_EPStartXfer)
    USB_EnableGlobalInt                      0x08008415   Thumb Code    14  stm32f1xx_ll_usb.o(i.USB_EnableGlobalInt)
    USB_FlushRxFifo                          0x08008423   Thumb Code     4  stm32f1xx_ll_usb.o(i.USB_FlushRxFifo)
    USB_FlushTxFifo                          0x08008427   Thumb Code     4  stm32f1xx_ll_usb.o(i.USB_FlushTxFifo)
    USB_LP_CAN1_RX0_IRQHandler               0x0800842d   Thumb Code     6  stm32f1xx_it.o(i.USB_LP_CAN1_RX0_IRQHandler)
    USB_ReadInterrupts                       0x08008439   Thumb Code     6  stm32f1xx_ll_usb.o(i.USB_ReadInterrupts)
    USB_ReadPMA                              0x0800843f   Thumb Code    32  stm32f1xx_ll_usb.o(i.USB_ReadPMA)
    USB_SetCurrentMode                       0x0800845f   Thumb Code     4  stm32f1xx_ll_usb.o(i.USB_SetCurrentMode)
    USB_SetDevAddress                        0x08008463   Thumb Code    14  stm32f1xx_ll_usb.o(i.USB_SetDevAddress)
    USB_WritePMA                             0x08008471   Thumb Code    40  stm32f1xx_ll_usb.o(i.USB_WritePMA)
    USER_initialize                          0x08008499   Thumb Code     4  user_diskio.o(i.USER_initialize)
    USER_ioctl                               0x0800849d   Thumb Code    38  user_diskio.o(i.USER_ioctl)
    USER_read                                0x080084c3   Thumb Code    24  user_diskio.o(i.USER_read)
    USER_status                              0x080084db   Thumb Code     4  user_diskio.o(i.USER_status)
    USER_write                               0x080084df   Thumb Code    24  user_diskio.o(i.USER_write)
    UsageFault_Handler                       0x080084f7   Thumb Code     2  stm32f1xx_it.o(i.UsageFault_Handler)
    _Error_Handler                           0x080084f9   Thumb Code     2  main.o(i._Error_Handler)
    __0sprintf                               0x080084fd   Thumb Code    34  printfa.o(i.__0sprintf)
    __1sprintf                               0x080084fd   Thumb Code     0  printfa.o(i.__0sprintf)
    __2sprintf                               0x080084fd   Thumb Code     0  printfa.o(i.__0sprintf)
    __c89sprintf                             0x080084fd   Thumb Code     0  printfa.o(i.__0sprintf)
    sprintf                                  0x080084fd   Thumb Code     0  printfa.o(i.__0sprintf)
    __scatterload_copy                       0x08008525   Thumb Code    14  handlers.o(i.__scatterload_copy)
    __scatterload_null                       0x08008533   Thumb Code     2  handlers.o(i.__scatterload_null)
    __scatterload_zeroinit                   0x08008535   Thumb Code    14  handlers.o(i.__scatterload_zeroinit)
    bin2bcd                                  0x08008df1   Thumb Code    24  rtc.o(i.bin2bcd)
    clear_eeprom                             0x08008f0d   Thumb Code    80  eeprom_ext.o(i.clear_eeprom)
    clear_ir_flags                           0x08008f5d   Thumb Code    32  ir.o(i.clear_ir_flags)
    clust2sect                               0x08008fd5   Thumb Code    30  ff.o(i.clust2sect)
    delayms                                  0x080091fd   Thumb Code    32  my_delay.o(i.delayms)
    delayus                                  0x0800921d   Thumb Code    18  my_delay.o(i.delayus)
    disk_initialize                          0x080094ed   Thumb Code    38  diskio.o(i.disk_initialize)
    disk_ioctl                               0x08009519   Thumb Code    22  diskio.o(i.disk_ioctl)
    disk_read                                0x08009535   Thumb Code    24  diskio.o(i.disk_read)
    disk_status                              0x08009551   Thumb Code    18  diskio.o(i.disk_status)
    disk_write                               0x08009569   Thumb Code    24  diskio.o(i.disk_write)
    display                                  0x08009585   Thumb Code   326  main_func.o(i.display)
    enter_critical_section                   0x0800978d   Thumb Code    36  main_func.o(i.enter_critical_section)
    exit_critical_section                    0x080097b1   Thumb Code    36  main_func.o(i.exit_critical_section)
    f_close                                  0x080097d5   Thumb Code    44  ff.o(i.f_close)
    f_lseek                                  0x08009801   Thumb Code   702  ff.o(i.f_lseek)
    f_mount                                  0x08009ac1   Thumb Code    90  ff.o(i.f_mount)
    f_open                                   0x08009b21   Thumb Code   408  ff.o(i.f_open)
    f_read                                   0x08009cb9   Thumb Code   426  ff.o(i.f_read)
    f_sync                                   0x08009e63   Thumb Code   174  ff.o(i.f_sync)
    f_write                                  0x08009f11   Thumb Code   506  ff.o(i.f_write)
    flush_buf                                0x0800a425   Thumb Code    20  gsm.o(i.flush_buf)
    get_fat                                  0x0800a4af   Thumb Code   216  ff.o(i.get_fat)
    get_fattime                              0x0800a587   Thumb Code     4  fatfs.o(i.get_fattime)
    input_number                             0x0800a679   Thumb Code   162  ir.o(i.input_number)
    loadSettingSD                            0x0800a74d   Thumb Code  2858  ir.o(i.loadSettingSD)
    log_data                                 0x0800b2c1   Thumb Code   282  main_func.o(i.log_data)
    lowercase                                0x0800b479   Thumb Code    28  gsm.o(i.lowercase)
    main                                     0x0800b495   Thumb Code   648  main.o(i.main)
    main_init                                0x0800b761   Thumb Code   920  main_func.o(i.main_init)
    menu_prog                                0x0800bc4d   Thumb Code   692  ir.o(i.menu_prog)
    parity_check                             0x0800bfb9   Thumb Code    34  sdi12.o(i.parity_check)
    pass_change                              0x0800bfdd   Thumb Code   668  ir.o(i.pass_change)
    processing_ir_keypad                     0x0800c2ad   Thumb Code   474  ir.o(i.processing_ir_keypad)
    put_fat                                  0x0800c4e1   Thumb Code   260  ff.o(i.put_fat)
    read_exteeprom_ary                       0x0800c5e5   Thumb Code    10  eeprom_ext.o(i.read_exteeprom_ary)
    read_exteeprom_byte                      0x0800c5f1   Thumb Code    18  eeprom_ext.o(i.read_exteeprom_byte)
    read_exteeprom_dword                     0x0800c609   Thumb Code    20  eeprom_ext.o(i.read_exteeprom_dword)
    read_exteeprom_float                     0x0800c61d   Thumb Code    16  eeprom_ext.o(i.read_exteeprom_float)
    read_exteeprom_word                      0x0800c62d   Thumb Code    20  eeprom_ext.o(i.read_exteeprom_word)
    read_water_level                         0x0800c645   Thumb Code    98  main_func.o(i.read_water_level)
    rtc_gettime                              0x0800c735   Thumb Code    50  rtc.o(i.rtc_gettime)
    rtc_gettime_shamsi                       0x0800c76d   Thumb Code    62  rtc.o(i.rtc_gettime_shamsi)
    rtc_init                                 0x0800c7b1   Thumb Code    36  rtc.o(i.rtc_init)
    rtc_settime                              0x0800c7d9   Thumb Code   104  rtc.o(i.rtc_settime)
    rtc_settime_shamsi                       0x0800c845   Thumb Code    72  rtc.o(i.rtc_settime_shamsi)
    scan_key                                 0x0800c891   Thumb Code   458  ir.o(i.scan_key)
    sdi_dir_in                               0x0800cac5   Thumb Code    38  sdi12.o(i.sdi_dir_in)
    sdi_dir_out                              0x0800caf5   Thumb Code    44  sdi12.o(i.sdi_dir_out)
    select                                   0x0800cb29   Thumb Code   116  ir.o(i.select)
    setup_prog                               0x0800cba5   Thumb Code   324  ir.o(i.setup_prog)
    st_setting                               0x0800cd25   Thumb Code   274  ir.o(i.st_setting)
    strcopy                                  0x0800ce89   Thumb Code    38  gsm.o(i.strcopy)
    strtolong                                0x0800ceaf   Thumb Code    64  main_func.o(i.strtolong)
    thali_readresp                           0x0800d00d   Thumb Code   128  sdi12.o(i.thali_readresp)
    thali_sendchar                           0x0800d095   Thumb Code    98  sdi12.o(i.thali_sendchar)
    thali_sendcmd                            0x0800d0fd   Thumb Code    64  sdi12.o(i.thali_sendcmd)
    time_setting                             0x0800d141   Thumb Code   598  ir.o(i.time_setting)
    upload_file                              0x0800d3d5   Thumb Code  1668  gsm.o(i.upload_file)
    upload_instant                           0x0800dad9   Thumb Code   942  gsm.o(i.upload_instant)
    wdt_refresh                              0x0800e0a7   Thumb Code     2  main_func.o(i.wdt_refresh)
    write_exteeprom_ary                      0x0800e0a9   Thumb Code    16  eeprom_ext.o(i.write_exteeprom_ary)
    write_exteeprom_byte                     0x0800e0b9   Thumb Code    14  eeprom_ext.o(i.write_exteeprom_byte)
    write_exteeprom_dword                    0x0800e0c7   Thumb Code    14  eeprom_ext.o(i.write_exteeprom_dword)
    write_exteeprom_float                    0x0800e0d5   Thumb Code    14  eeprom_ext.o(i.write_exteeprom_float)
    write_exteeprom_word                     0x0800e0e3   Thumb Code    14  eeprom_ext.o(i.write_exteeprom_word)
    AHBPrescTable                            0x0800e0f0   Data          16  system_stm32f1xx.o(.constdata)
    APBPrescTable                            0x0800e100   Data           8  system_stm32f1xx.o(.constdata)
    station_address                          0x0800e108   Data           4  main.o(.constdata)
    firmware_version                         0x0800e10c   Data           6  main.o(.constdata)
    title_str                                0x0800e112   Data          14  main.o(.constdata)
    STORAGE_Inquirydata_FS                   0x0800e120   Data          36  usbd_storage_if.o(.constdata)
    MSC_Page00_Inquiry_Data                  0x0800e1f0   Data           7  usbd_msc_data.o(.constdata)
    MSC_Mode_Sense6_data                     0x0800e1f7   Data           8  usbd_msc_data.o(.constdata)
    MSC_Mode_Sense10_data                    0x0800e1ff   Data           8  usbd_msc_data.o(.constdata)
    LcdCustomChar                            0x0800e297   Data          63  lcdlib.o(.constdata)
    Region$$Table$$Base                      0x0800e4d4   Number         0  anon$$obj.o(Region$$Table)
    Region$$Table$$Limit                     0x0800e4f4   Number         0  anon$$obj.o(Region$$Table)
    SystemCoreClock                          0x20000000   Data           4  system_stm32f1xx.o(.data)
    station_name                             0x20000004   Data          30  main.o(.data)
    return_time                              0x20000022   Data           2  main.o(.data)
    RainEventTime                            0x20000024   Data           2  main.o(.data)
    iic_busy_timeout                         0x20000028   Data           1  main.o(.data)
    gsm_off_time                             0x20000029   Data           1  main.o(.data)
    SmsSendFlag                              0x2000002a   Data           1  main.o(.data)
    SMS_number                               0x2000002b   Data           1  main.o(.data)
    i                                        0x2000002c   Data           2  main.o(.data)
    DisplayTime                              0x2000002e   Data           2  main.o(.data)
    SimCount                                 0x20000030   Data           2  main.o(.data)
    SmsSendTime                              0x20000032   Data           2  main.o(.data)
    SimRecLen                                0x20000034   Data           2  main.o(.data)
    ext_device                               0x20000038   Data           4  main.o(.data)
    sms_pointer                              0x2000003c   Data           4  main.o(.data)
    sms_pointer1                             0x20000040   Data           4  main.o(.data)
    clock                                    0x20000044   Data           8  main.o(.data)
    flag                                     0x2000004c   Data           8  main.o(.data)
    cur_clock                                0x20000054   Data           8  main.o(.data)
    alarm_count                              0x2000005c   Data           1  main.o(.data)
    display_count                            0x2000005d   Data           1  main.o(.data)
    iic_count                                0x2000005e   Data           1  main.o(.data)
    rec_cou                                  0x2000005f   Data           1  main.o(.data)
    rf_pwr_count                             0x20000060   Data           1  main.o(.data)
    time_out                                 0x20000061   Data           1  main.o(.data)
    time_out_pass                            0x20000062   Data           1  main.o(.data)
    p_rec_cou                                0x20000063   Data           1  main.o(.data)
    loop_timeout                             0x20000064   Data           1  main.o(.data)
    ir_cou                                   0x20000065   Data           1  main.o(.data)
    iic_pwr_count                            0x20000066   Data           1  main.o(.data)
    fc_clr_time                              0x20000067   Data           1  main.o(.data)
    usart_rain_cou                           0x20000068   Data           1  main.o(.data)
    send_count                               0x2000006a   Data           2  main.o(.data)
    count                                    0x2000006c   Data           2  main.o(.data)
    rain_cou                                 0x2000006e   Data           2  main.o(.data)
    wakeup_cou                               0x20000070   Data           2  main.o(.data)
    test_mode_timeout                        0x20000072   Data           2  main.o(.data)
    temp_time                                0x20000074   Data           2  main.o(.data)
    st_type                                  0x20000076   Data           1  main.o(.data)
    fc_on_time                               0x20000077   Data           1  main.o(.data)
    fc_off_time                              0x20000078   Data           1  main.o(.data)
    valid_door_flag                          0x20000079   Data           1  main.o(.data)
    rain_sensor_type                         0x2000007a   Data           1  main.o(.data)
    temp_type                                0x2000007b   Data           1  main.o(.data)
    password                                 0x2000007c   Data           2  main.o(.data)
    input_pass                               0x2000007e   Data           2  main.o(.data)
    log_time                                 0x20000080   Data           2  main.o(.data)
    next_log_time                            0x20000082   Data           2  main.o(.data)
    LogParameters                            0x20000084   Data           2  main.o(.data)
    rain_level                               0x20000088   Data           4  main.o(.data)
    cur_rain_level                           0x2000008c   Data           4  main.o(.data)
    last_rain_level                          0x20000090   Data           4  main.o(.data)
    delta_rain_level                         0x20000094   Data           4  main.o(.data)
    rain_time                                0x20000098   Data           4  main.o(.data)
    minute_rain                              0x2000009c   Data           4  main.o(.data)
    rain_register_index                      0x200000a0   Data           1  main.o(.data)
    RainRstTime                              0x200000a2   Data           2  main.o(.data)
    minute_rain_cou                          0x200000a4   Data           2  main.o(.data)
    heater_control                           0x200000a6   Data           1  main.o(.data)
    WaterSensorType                          0x200000a7   Data           1  main.o(.data)
    water_level                              0x200000a8   Data           2  main.o(.data)
    last_water_level                         0x200000aa   Data           2  main.o(.data)
    delta_water_level                        0x200000ac   Data           2  main.o(.data)
    cur_water_level_display                  0x200000ae   Data           2  main.o(.data)
    max_water_level                          0x200000b0   Data           2  main.o(.data)
    min_water_level                          0x200000b2   Data           2  main.o(.data)
    SensorLevel                              0x200000b4   Data           2  main.o(.data)
    RotaryResolution                         0x200000b6   Data           2  main.o(.data)
    RotaryDiameter                           0x200000b8   Data           2  main.o(.data)
    RotaryScale                              0x200000ba   Data           2  main.o(.data)
    cur_water_level                          0x200000bc   Data           2  main.o(.data)
    SetLevelBar_count                        0x200000be   Data           2  main.o(.data)
    SetLevelBar_timeout                      0x200000c0   Data           2  main.o(.data)
    TakePictureCount                         0x200000c4   Data           4  main.o(.data)
    gprs_first_connect                       0x200000c8   Data           1  main.o(.data)
    gprs_auto_upload                         0x200000c9   Data           1  main.o(.data)
    temp_difference                          0x200000ca   Data           1  main.o(.data)
    T_low                                    0x200000cb   Data           1  main.o(.data)
    T_hi                                     0x200000cc   Data           1  main.o(.data)
    ftp_path_separator                       0x200000cd   Data           1  main.o(.data)
    user_sms_count                           0x200000ce   Data           2  main.o(.data)
    user_sms_timeout                         0x200000d0   Data           2  main.o(.data)
    gprs_upload_time                         0x200000d2   Data           2  main.o(.data)
    number_limit                             0x200000d4   Data           1  main.o(.data)
    number_limit_index                       0x200000d5   Data           1  main.o(.data)
    SDPath                                   0x200000d6   Data           4  main.o(.data)
    res                                      0x200000da   Data           1  main.o(.data)
    FatBytesRead                             0x200000dc   Data           4  main.o(.data)
    retUSER                                  0x200000e0   Data           1  fatfs.o(.data)
    USER_Path                                0x200000e1   Data           4  fatfs.o(.data)
    USBD_Storage_Interface_fops_FS           0x200000e8   Data          32  usbd_storage_if.o(.data)
    USER_Driver                              0x20000108   Data          20  user_diskio.o(.data)
    FS_Desc                                  0x2000011c   Data          28  usbd_desc.o(.data)
    USBD_LangIDDesc                          0x20000138   Data           4  usbd_desc.o(.data)
    USBD_FS_DeviceDesc                       0x2000013c   Data          18  usbd_desc.o(.data)
    uCRCErrorWorkaroundCheck                 0x20000154   Data           1  stm32f1xx_hal_spi_ex.o(.data)
    USBD_MSC                                 0x20000164   Data          56  usbd_msc.o(.data)
    USBD_MSC_CfgHSDesc                       0x2000019c   Data          32  usbd_msc.o(.data)
    USBD_MSC_CfgFSDesc                       0x200001bc   Data          32  usbd_msc.o(.data)
    USBD_MSC_OtherSpeedCfgDesc               0x200001dc   Data          32  usbd_msc.o(.data)
    USBD_MSC_DeviceQualifierDesc             0x200001fc   Data          10  usbd_msc.o(.data)
    lcdprocess                               0x2000020e   Data           1  lcdlib.o(.data)
    iYear                                    0x20000240   Data           2  rtc.o(.data)
    iMonth                                   0x20000242   Data           2  rtc.o(.data)
    iDay                                     0x20000244   Data           2  rtc.o(.data)
    temp_clock                               0x2000024c   Data           8  rtc.o(.data)
    command_ir                               0x20000254   Data           1  ir.o(.data)
    key                                      0x20000255   Data           1  ir.o(.data)
    start_key                                0x20000256   Data           1  ir.o(.data)
    end_key                                  0x20000257   Data           1  ir.o(.data)
    key_pressed                              0x20000258   Data           1  ir.o(.data)
    prim_password                            0x2000025a   Data           2  ir.o(.data)
    hadc1                                    0x2000025c   Data          48  main.o(.bss)
    hiwdg                                    0x2000028c   Data          16  main.o(.bss)
    hspi1                                    0x2000029c   Data          88  main.o(.bss)
    htim2                                    0x200002f4   Data          60  main.o(.bss)
    htim4                                    0x20000330   Data          60  main.o(.bss)
    huart1                                   0x2000036c   Data          64  main.o(.bss)
    buf                                      0x200003ac   Data         255  main.o(.bss)
    SimSendBuffer                            0x200004ab   Data         255  main.o(.bss)
    SimRecBuffer                             0x200005aa   Data         255  main.o(.bss)
    ServerPhone                              0x200006a9   Data          30  main.o(.bss)
    RemotePhone                              0x200006c7   Data          30  main.o(.bss)
    SMS_text                                 0x200006e5   Data         255  main.o(.bss)
    hrtc                                     0x200007e4   Data          20  main.o(.bss)
    hdma_usart1_rx                           0x200007f8   Data          56  main.o(.bss)
    rain_register                            0x20000830   Data          80  main.o(.bss)
    MemBuf                                   0x20000880   Data        1310  main.o(.bss)
    server_url                               0x20000d9e   Data          50  main.o(.bss)
    server_username                          0x20000dd0   Data          30  main.o(.bss)
    server_password                          0x20000dee   Data          20  main.o(.bss)
    server_filename                          0x20000e02   Data          50  main.o(.bss)
    server_path                              0x20000e34   Data         100  main.o(.bss)
    apn_name                                 0x20000e98   Data          30  main.o(.bss)
    thali_buf                                0x20000eb6   Data          20  main.o(.bss)
    log_buffer                               0x20000eca   Data         100  main.o(.bss)
    log_header                               0x20000f2e   Data          20  main.o(.bss)
    ChargeReqStr                             0x20000f42   Data          30  main.o(.bss)
    gprs_buffer                              0x20000f60   Data         250  main.o(.bss)
    AdminMobile                              0x2000105a   Data          30  main.o(.bss)
    upload_time_table                        0x20001078   Data          10  main.o(.bss)
    input_number_str                         0x20001082   Data          20  main.o(.bss)
    SDFatFs                                  0x20001098   Data         560  main.o(.bss)
    File                                     0x200012c8   Data        1112  main.o(.bss)
    hpcd_USB_FS                              0x20001990   Data        1056  usbd_conf.o(.bss)
    hUsbDeviceFS                             0x20001db0   Data         548  usb_device.o(.bss)
    USBD_StrDesc                             0x20001fd4   Data         512  usbd_desc.o(.bss)
    disk                                     0x200021d4   Data          12  ff_gen_drv.o(.bss)
    GPIO_InitStruct                          0x200021f8   Data          16  sdi12.o(.bss)
    flag_ir                                  0x20002412   Data          10  ir.o(.bss)
    str                                      0x2000241c   Data         420  ir.o(.bss)
    __initial_sp                             0x200029c0   Data           0  startup_stm32f103xb.o(STACK)



==============================================================================

Memory Map of the image

  Image Entry point : 0x080000ed

  Load Region LR_IROM1 (Base: 0x08000000, Size: 0x0000e750, Max: 0x00010000, ABSOLUTE, COMPRESSED[0x0000e5cc])

    Execution Region ER_IROM1 (Base: 0x08000000, Size: 0x0000e4f4, Max: 0x00010000, ABSOLUTE)

    Base Addr    Size         Type   Attr      Idx    E Section Name        Object

    0x08000000   0x000000ec   Data   RO            3    RESET               startup_stm32f103xb.o
    0x080000ec   0x00000000   Code   RO         6595  * .ARM.Collect$$$$00000000  mc_w.l(entry.o)
    0x080000ec   0x00000004   Code   RO         6897    .ARM.Collect$$$$00000001  mc_w.l(entry2.o)
    0x080000f0   0x00000004   Code   RO         6900    .ARM.Collect$$$$00000004  mc_w.l(entry5.o)
    0x080000f4   0x00000000   Code   RO         6902    .ARM.Collect$$$$00000008  mc_w.l(entry7b.o)
    0x080000f4   0x00000000   Code   RO         6904    .ARM.Collect$$$$0000000A  mc_w.l(entry8b.o)
    0x080000f4   0x00000008   Code   RO         6905    .ARM.Collect$$$$0000000B  mc_w.l(entry9a.o)
    0x080000fc   0x00000000   Code   RO         6907    .ARM.Collect$$$$0000000D  mc_w.l(entry10a.o)
    0x080000fc   0x00000000   Code   RO         6909    .ARM.Collect$$$$0000000F  mc_w.l(entry11a.o)
    0x080000fc   0x00000004   Code   RO         6898    .ARM.Collect$$$$00002712  mc_w.l(entry2.o)
    0x08000100   0x00000024   Code   RO            4    .text               startup_stm32f103xb.o
    0x08000124   0x00000020   Code   RO         6598    .text               mc_w.l(llushr.o)
    0x08000144   0x00000024   Code   RO         6600    .text               mc_w.l(memcpya.o)
    0x08000168   0x00000018   Code   RO         6602    .text               mc_w.l(strcat.o)
    0x08000180   0x0000000e   Code   RO         6604    .text               mc_w.l(strlen.o)
    0x0800018e   0x0000001c   Code   RO         6606    .text               mc_w.l(strcmp.o)
    0x080001aa   0x0000001a   Code   RO         6608    .text               mc_w.l(memcmp.o)
    0x080001c4   0x00000012   Code   RO         6610    .text               mc_w.l(strcpy.o)
    0x080001d6   0x000000b0   Code   RO         6877    .text               mf_w.l(fadd.o)
    0x08000286   0x0000006c   Code   RO         6879    .text               mf_w.l(fmul.o)
    0x080002f2   0x00000080   Code   RO         6881    .text               mf_w.l(fdiv.o)
    0x08000372   0x0000014e   Code   RO         6883    .text               mf_w.l(dadd.o)
    0x080004c0   0x0000000a   Code   RO         6885    .text               mf_w.l(ffltui.o)
    0x080004ca   0x00000028   Code   RO         6887    .text               mf_w.l(ffixui.o)
    0x080004f2   0x00000026   Code   RO         6889    .text               mf_w.l(f2d.o)
    0x08000518   0x00000014   Code   RO         6893    .text               mf_w.l(cfcmple.o)
    0x0800052c   0x0000002c   Code   RO         6914    .text               mc_w.l(uidiv.o)
    0x08000558   0x00000062   Code   RO         6916    .text               mc_w.l(uldiv.o)
    0x080005ba   0x0000001e   Code   RO         6918    .text               mc_w.l(llshl.o)
    0x080005d8   0x00000024   Code   RO         6920    .text               mc_w.l(llsshr.o)
    0x080005fc   0x00000000   Code   RO         6959    .text               mc_w.l(iusefp.o)
    0x080005fc   0x0000006c   Code   RO         6960    .text               mf_w.l(fepilogue.o)
    0x08000668   0x000000be   Code   RO         6962    .text               mf_w.l(depilogue.o)
    0x08000726   0x000000e4   Code   RO         6964    .text               mf_w.l(dmul.o)
    0x0800080a   0x000000de   Code   RO         6966    .text               mf_w.l(ddiv.o)
    0x080008e8   0x00000030   Code   RO         6968    .text               mf_w.l(dfixul.o)
    0x08000918   0x00000028   Code   RO         6970    .text               mf_w.l(cdrcmple.o)
    0x08000940   0x00000024   Code   RO         6972    .text               mc_w.l(init.o)
    0x08000964   0x0000005c   Code   RO         6986    .text               mc_w.l(__dczerorl2.o)
    0x080009c0   0x0000004a   Code   RO         2983    i.ADC_ConversionStop_Disable  stm32f1xx_hal_adc.o
    0x08000a0a   0x00000002   Code   RO          534    i.BusFault_Handler  stm32f1xx_it.o
    0x08000a0c   0x0000002c   Code   RO         5705    i.CharSearch        gsm.o
    0x08000a38   0x00000020   Code   RO         5706    i.CharSearch_str    gsm.o
    0x08000a58   0x0000000c   Code   RO          535    i.DMA1_Channel5_IRQHandler  stm32f1xx_it.o
    0x08000a64   0x00000020   Code   RO         1416    i.DMA_SetConfig     stm32f1xx_hal_dma.o
    0x08000a84   0x00000002   Code   RO          536    i.DebugMon_Handler  stm32f1xx_it.o
    0x08000a86   0x00000002   PAD
    0x08000a88   0x00000018   Code   RO         6192    i.DelaytimerUS      my_delay.o
    0x08000aa0   0x00000006   Code   RO         4542    i.FATFS_LinkDriver  ff_gen_drv.o
    0x08000aa6   0x00000002   PAD
    0x08000aa8   0x00000040   Code   RO         4543    i.FATFS_LinkDriverEx  ff_gen_drv.o
    0x08000ae8   0x000001ec   Code   RO         6056    i.FindLog           main_func.o
    0x08000cd4   0x0000012c   Code   RO         5707    i.GsmInit           gsm.o
    0x08000e00   0x0000002c   Code   RO         5708    i.GsmSend           gsm.o
    0x08000e2c   0x00000024   Code   RO         5709    i.GsmSendByte       gsm.o
    0x08000e50   0x0000019c   Code   RO         2989    i.HAL_ADC_ConfigChannel  stm32f1xx_hal_adc.o
    0x08000fec   0x00000140   Code   RO         2998    i.HAL_ADC_Init      stm32f1xx_hal_adc.o
    0x0800112c   0x00000040   Code   RO          635    i.HAL_ADC_MspInit   stm32f1xx_hal_msp.o
    0x0800116c   0x00000248   Code   RO         1421    i.HAL_DMA_IRQHandler  stm32f1xx_hal_dma.o
    0x080013b4   0x00000052   Code   RO         1422    i.HAL_DMA_Init      stm32f1xx_hal_dma.o
    0x08001406   0x00000058   Code   RO         1425    i.HAL_DMA_Start_IT  stm32f1xx_hal_dma.o
    0x0800145e   0x00000016   Code   RO         2374    i.HAL_Delay         stm32f1xx_hal.o
    0x08001474   0x000000ec   Code   RO         2917    i.HAL_GPIO_DeInit   stm32f1xx_hal_gpio.o
    0x08001560   0x000001ec   Code   RO         2920    i.HAL_GPIO_Init     stm32f1xx_hal_gpio.o
    0x0800174c   0x0000000e   Code   RO         2924    i.HAL_GPIO_WritePin  stm32f1xx_hal_gpio.o
    0x0800175a   0x00000002   PAD
    0x0800175c   0x0000000c   Code   RO         2378    i.HAL_GetTick       stm32f1xx_hal.o
    0x08001768   0x00000062   Code   RO         4494    i.HAL_IWDG_Init     stm32f1xx_hal_iwdg.o
    0x080017ca   0x00000002   Code   RO         4495    i.HAL_IWDG_MspInit  stm32f1xx_hal_iwdg.o
    0x080017cc   0x00000010   Code   RO         2379    i.HAL_IncTick       stm32f1xx_hal.o
    0x080017dc   0x00000024   Code   RO         2380    i.HAL_Init          stm32f1xx_hal.o
    0x08001800   0x00000022   Code   RO         2381    i.HAL_InitTick      stm32f1xx_hal.o
    0x08001822   0x00000002   PAD
    0x08001824   0x00000080   Code   RO          636    i.HAL_MspInit       stm32f1xx_hal_msp.o
    0x080018a4   0x00000018   Code   RO         2502    i.HAL_NVIC_DisableIRQ  stm32f1xx_hal_cortex.o
    0x080018bc   0x00000018   Code   RO         2503    i.HAL_NVIC_EnableIRQ  stm32f1xx_hal_cortex.o
    0x080018d4   0x00000040   Code   RO         2509    i.HAL_NVIC_SetPriority  stm32f1xx_hal_cortex.o
    0x08001914   0x00000024   Code   RO         2510    i.HAL_NVIC_SetPriorityGrouping  stm32f1xx_hal_cortex.o
    0x08001938   0x00000024   Code   RO         2511    i.HAL_NVIC_SystemReset  stm32f1xx_hal_cortex.o
    0x0800195c   0x00000036   Code   RO         4463    i.HAL_PCDEx_PMAConfig  stm32f1xx_hal_pcd_ex.o
    0x08001992   0x00000002   Code   RO          836    i.HAL_PCDEx_SetConnectionState  usbd_conf.o
    0x08001994   0x0000000e   Code   RO          838    i.HAL_PCD_DataInStageCallback  usbd_conf.o
    0x080019a2   0x00000010   Code   RO          839    i.HAL_PCD_DataOutStageCallback  usbd_conf.o
    0x080019b2   0x00000042   Code   RO         3545    i.HAL_PCD_EP_Close  stm32f1xx_hal_pcd.o
    0x080019f4   0x0000004a   Code   RO         3546    i.HAL_PCD_EP_ClrStall  stm32f1xx_hal_pcd.o
    0x08001a3e   0x00000034   Code   RO         3547    i.HAL_PCD_EP_Flush  stm32f1xx_hal_pcd.o
    0x08001a72   0x00000010   Code   RO         3548    i.HAL_PCD_EP_GetRxCount  stm32f1xx_hal_pcd.o
    0x08001a82   0x00000046   Code   RO         3549    i.HAL_PCD_EP_Open   stm32f1xx_hal_pcd.o
    0x08001ac8   0x0000004a   Code   RO         3550    i.HAL_PCD_EP_Receive  stm32f1xx_hal_pcd.o
    0x08001b12   0x00000058   Code   RO         3551    i.HAL_PCD_EP_SetStall  stm32f1xx_hal_pcd.o
    0x08001b6a   0x00000048   Code   RO         3552    i.HAL_PCD_EP_Transmit  stm32f1xx_hal_pcd.o
    0x08001bb2   0x0000010a   Code   RO         3554    i.HAL_PCD_IRQHandler  stm32f1xx_hal_pcd.o
    0x08001cbc   0x000000ba   Code   RO         3557    i.HAL_PCD_Init      stm32f1xx_hal_pcd.o
    0x08001d76   0x00000002   PAD
    0x08001d78   0x0000003c   Code   RO          844    i.HAL_PCD_MspInit   usbd_conf.o
    0x08001db4   0x0000001c   Code   RO          845    i.HAL_PCD_ResetCallback  usbd_conf.o
    0x08001dd0   0x00000008   Code   RO          846    i.HAL_PCD_ResumeCallback  usbd_conf.o
    0x08001dd8   0x00000008   Code   RO          847    i.HAL_PCD_SOFCallback  usbd_conf.o
    0x08001de0   0x00000028   Code   RO         3563    i.HAL_PCD_SetAddress  stm32f1xx_hal_pcd.o
    0x08001e08   0x0000000e   Code   RO          848    i.HAL_PCD_SetupStageCallback  usbd_conf.o
    0x08001e16   0x00000032   Code   RO         3565    i.HAL_PCD_Start     stm32f1xx_hal_pcd.o
    0x08001e48   0x00000024   Code   RO          849    i.HAL_PCD_SuspendCallback  usbd_conf.o
    0x08001e6c   0x00000128   Code   RO         2847    i.HAL_RCCEx_PeriphCLKConfig  stm32f1xx_hal_rcc_ex.o
    0x08001f94   0x000001e0   Code   RO         2744    i.HAL_RCC_ClockConfig  stm32f1xx_hal_rcc.o
    0x08002174   0x0000000c   Code   RO         2749    i.HAL_RCC_GetHCLKFreq  stm32f1xx_hal_rcc.o
    0x08002180   0x0000002c   Code   RO         2751    i.HAL_RCC_GetPCLK1Freq  stm32f1xx_hal_rcc.o
    0x080021ac   0x0000002c   Code   RO         2752    i.HAL_RCC_GetPCLK2Freq  stm32f1xx_hal_rcc.o
    0x080021d8   0x00000090   Code   RO         2753    i.HAL_RCC_GetSysClockFreq  stm32f1xx_hal_rcc.o
    0x08002268   0x000005e8   Code   RO         2756    i.HAL_RCC_OscConfig  stm32f1xx_hal_rcc.o
    0x08002850   0x0000008c   Code   RO         4185    i.HAL_SPI_Init      stm32f1xx_hal_spi_ex.o
    0x080028dc   0x00000058   Code   RO          640    i.HAL_SPI_MspInit   stm32f1xx_hal_msp.o
    0x08002934   0x00000202   Code   RO         4229    i.HAL_SPI_Receive   stm32f1xx_hal_spi.o
    0x08002b36   0x00000196   Code   RO         4234    i.HAL_SPI_Transmit  stm32f1xx_hal_spi.o
    0x08002ccc   0x000002fc   Code   RO         4235    i.HAL_SPI_TransmitReceive  stm32f1xx_hal_spi.o
    0x08002fc8   0x0000001c   Code   RO         2512    i.HAL_SYSTICK_CLKSourceConfig  stm32f1xx_hal_cortex.o
    0x08002fe4   0x000002ac   Code   RO         5862    i.HAL_SYSTICK_Callback  interrupt.o
    0x08003290   0x00000028   Code   RO         2514    i.HAL_SYSTICK_Config  stm32f1xx_hal_cortex.o
    0x080032b8   0x00000008   Code   RO         2515    i.HAL_SYSTICK_IRQHandler  stm32f1xx_hal_cortex.o
    0x080032c0   0x00000002   Code   RO         2134    i.HAL_TIMEx_BreakCallback  stm32f1xx_hal_tim_ex.o
    0x080032c2   0x00000002   Code   RO         2135    i.HAL_TIMEx_CommutationCallback  stm32f1xx_hal_tim_ex.o
    0x080032c4   0x00000050   Code   RO         2151    i.HAL_TIMEx_MasterConfigSynchronization  stm32f1xx_hal_tim_ex.o
    0x08003314   0x00000038   Code   RO         1495    i.HAL_TIM_Base_Init  stm32f1xx_hal_tim.o
    0x0800334c   0x00000064   Code   RO          642    i.HAL_TIM_Base_MspInit  stm32f1xx_hal_msp.o
    0x080033b0   0x00000018   Code   RO         1500    i.HAL_TIM_Base_Start_IT  stm32f1xx_hal_tim.o
    0x080033c8   0x00000112   Code   RO         1504    i.HAL_TIM_ConfigClockSource  stm32f1xx_hal_tim.o
    0x080034da   0x00000002   Code   RO         1524    i.HAL_TIM_IC_CaptureCallback  stm32f1xx_hal_tim.o
    0x080034dc   0x0000016e   Code   RO         1537    i.HAL_TIM_IRQHandler  stm32f1xx_hal_tim.o
    0x0800364a   0x00000002   Code   RO         1540    i.HAL_TIM_OC_DelayElapsedCallback  stm32f1xx_hal_tim.o
    0x0800364c   0x00000002   Code   RO         1567    i.HAL_TIM_PWM_PulseFinishedCallback  stm32f1xx_hal_tim.o
    0x0800364e   0x00000002   PAD
    0x08003650   0x00000048   Code   RO         5863    i.HAL_TIM_PeriodElapsedCallback  interrupt.o
    0x08003698   0x00000002   Code   RO         1578    i.HAL_TIM_TriggerCallback  stm32f1xx_hal_tim.o
    0x0800369a   0x00000002   Code   RO         3763    i.HAL_UART_ErrorCallback  stm32f1xx_hal_uart.o
    0x0800369c   0x00000060   Code   RO         3767    i.HAL_UART_Init     stm32f1xx_hal_uart.o
    0x080036fc   0x000000b0   Code   RO          644    i.HAL_UART_MspInit  stm32f1xx_hal_msp.o
    0x080037ac   0x0000008c   Code   RO         3771    i.HAL_UART_Receive_DMA  stm32f1xx_hal_uart.o
    0x08003838   0x00000002   Code   RO         3773    i.HAL_UART_RxCpltCallback  stm32f1xx_hal_uart.o
    0x0800383a   0x00000002   Code   RO         3774    i.HAL_UART_RxHalfCpltCallback  stm32f1xx_hal_uart.o
    0x0800383c   0x000000d8   Code   RO         3775    i.HAL_UART_Transmit  stm32f1xx_hal_uart.o
    0x08003914   0x00000002   Code   RO          537    i.HardFault_Handler  stm32f1xx_it.o
    0x08003916   0x0000002a   Code   RO         5901    i.LCDGotoXY         lcdlib.o
    0x08003940   0x00000012   Code   RO         5903    i.LCDclr            lcdlib.o
    0x08003952   0x00000018   Code   RO         5904    i.LCDcursorLeft     lcdlib.o
    0x0800396a   0x00000006   Code   RO         5905    i.LCDcursorOFF      lcdlib.o
    0x08003970   0x00000006   Code   RO         5906    i.LCDcursorOn       lcdlib.o
    0x08003976   0x00000018   Code   RO         5908    i.LCDcursorRight    lcdlib.o
    0x0800398e   0x0000002e   Code   RO         5909    i.LCDdefinechar     lcdlib.o
    0x080039bc   0x00000108   Code   RO         5911    i.LCDinit           lcdlib.o
    0x08003ac4   0x00000064   Code   RO         5912    i.LCDport           lcdlib.o
    0x08003b28   0x00000022   Code   RO         5914    i.LCDputs           lcdlib.o
    0x08003b4a   0x00000026   Code   RO         5915    i.LCDputsf          lcdlib.o
    0x08003b70   0x000000a0   Code   RO         5916    i.LCDsendChar       lcdlib.o
    0x08003c10   0x00000068   Code   RO         5917    i.LCDsendCommand    lcdlib.o
    0x08003c78   0x00000014   Code   RO         5921    i.LcdPwrOff         lcdlib.o
    0x08003c8c   0x00000010   Code   RO         5922    i.LcdPwrOn          lcdlib.o
    0x08003c9c   0x00000044   Code   RO         5291    i.MSC_BOT_Abort     usbd_msc_bot.o
    0x08003ce0   0x000000b8   Code   RO         5292    i.MSC_BOT_CBW_Decode  usbd_msc_bot.o
    0x08003d98   0x0000002a   Code   RO         5293    i.MSC_BOT_CplClrFeature  usbd_msc_bot.o
    0x08003dc2   0x00000042   Code   RO         5294    i.MSC_BOT_DataIn    usbd_msc_bot.o
    0x08003e04   0x0000003c   Code   RO         5295    i.MSC_BOT_DataOut   usbd_msc_bot.o
    0x08003e40   0x0000000a   Code   RO         5296    i.MSC_BOT_DeInit    usbd_msc_bot.o
    0x08003e4a   0x00000042   Code   RO         5297    i.MSC_BOT_Init      usbd_msc_bot.o
    0x08003e8c   0x00000016   Code   RO         5298    i.MSC_BOT_Reset     usbd_msc_bot.o
    0x08003ea2   0x00000002   PAD
    0x08003ea4   0x0000003c   Code   RO         5299    i.MSC_BOT_SendCSW   usbd_msc_bot.o
    0x08003ee0   0x00000032   Code   RO         5300    i.MSC_BOT_SendData  usbd_msc_bot.o
    0x08003f12   0x00000002   PAD
    0x08003f14   0x00000064   Code   RO          159    i.MX_ADC1_Init      main.o
    0x08003f78   0x0000002c   Code   RO          160    i.MX_DMA_Init       main.o
    0x08003fa4   0x0000001c   Code   RO          719    i.MX_FATFS_Init     fatfs.o
    0x08003fc0   0x000000d8   Code   RO          161    i.MX_GPIO_Init      main.o
    0x08004098   0x00000040   Code   RO          162    i.MX_IWDG_Init      main.o
    0x080040d8   0x00000058   Code   RO          163    i.MX_SPI1_Init      main.o
    0x08004130   0x0000007c   Code   RO          164    i.MX_TIM2_Init      main.o
    0x080041ac   0x0000007c   Code   RO          165    i.MX_TIM4_Init      main.o
    0x08004228   0x0000004c   Code   RO          166    i.MX_USART1_UART_Init  main.o
    0x08004274   0x00000038   Code   RO         1101    i.MX_USB_DEVICE_Init  usb_device.o
    0x080042ac   0x00000002   Code   RO          538    i.MemManage_Handler  stm32f1xx_it.o
    0x080042ae   0x0000002a   Code   RO         6229    i.MiladiIsLeap      rtc.o
    0x080042d8   0x000000cc   Code   RO         6230    i.MiladiToShamsi    rtc.o
    0x080043a4   0x00000002   Code   RO          539    i.NMI_Handler       stm32f1xx_it.o
    0x080043a6   0x00000002   PAD
    0x080043a8   0x00000020   Code   RO         2516    i.NVIC_SetPriority  stm32f1xx_hal_cortex.o
    0x080043c8   0x00000370   Code   RO         3568    i.PCD_EP_ISR_Handler  stm32f1xx_hal_pcd.o
    0x08004738   0x00000002   Code   RO          540    i.PendSV_Handler    stm32f1xx_it.o
    0x0800473a   0x00000002   PAD
    0x0800473c   0x00000050   Code   RO         6320    i.ReadPinTimeout    sdi12.o
    0x0800478c   0x00000188   Code   RO         5710    i.ReadSMS           gsm.o
    0x08004914   0x000000d8   Code   RO         6057    i.ReadSensorToStr   main_func.o
    0x080049ec   0x00000108   Code   RO         6058    i.SARAMIN           main_func.o
    0x08004af4   0x00000022   Code   RO         5187    i.SCSI_CheckAddressRange  usbd_msc_scsi.o
    0x08004b16   0x00000002   PAD
    0x08004b18   0x00000044   Code   RO         5188    i.SCSI_Inquiry      usbd_msc_scsi.o
    0x08004b5c   0x00000024   Code   RO         5189    i.SCSI_ModeSense10  usbd_msc_scsi.o
    0x08004b80   0x00000024   Code   RO         5190    i.SCSI_ModeSense6   usbd_msc_scsi.o
    0x08004ba4   0x000000ac   Code   RO         5191    i.SCSI_ProcessCmd   usbd_msc_scsi.o
    0x08004c50   0x00000086   Code   RO         5192    i.SCSI_ProcessRead  usbd_msc_scsi.o
    0x08004cd6   0x0000008e   Code   RO         5193    i.SCSI_ProcessWrite  usbd_msc_scsi.o
    0x08004d64   0x000000cc   Code   RO         5194    i.SCSI_Read10       usbd_msc_scsi.o
    0x08004e30   0x0000005a   Code   RO         5195    i.SCSI_ReadCapacity10  usbd_msc_scsi.o
    0x08004e8a   0x0000006e   Code   RO         5196    i.SCSI_ReadFormatCapacity  usbd_msc_scsi.o
    0x08004ef8   0x00000060   Code   RO         5197    i.SCSI_RequestSense  usbd_msc_scsi.o
    0x08004f58   0x00000036   Code   RO         5198    i.SCSI_SenseCode    usbd_msc_scsi.o
    0x08004f8e   0x0000000c   Code   RO         5199    i.SCSI_StartStopUnit  usbd_msc_scsi.o
    0x08004f9a   0x00000052   Code   RO         5200    i.SCSI_TestUnitReady  usbd_msc_scsi.o
    0x08004fec   0x0000003a   Code   RO         5201    i.SCSI_Verify10     usbd_msc_scsi.o
    0x08005026   0x000000fa   Code   RO         5202    i.SCSI_Write10      usbd_msc_scsi.o
    0x08005120   0x00001264   Code   RO         5711    i.SMS_ReplyCMD      gsm.o
    0x08006384   0x00000028   Code   RO         6385    i.SPI_FLASH_Write_Enable  serialflash.o
    0x080063ac   0x00000048   Code   RO         6387    i.SPI_Flash_Erase_Sector  serialflash.o
    0x080063f4   0x00000058   Code   RO         6388    i.SPI_Flash_Read    serialflash.o
    0x0800644c   0x00000048   Code   RO         6389    i.SPI_Flash_ReadID  serialflash.o
    0x08006494   0x00000030   Code   RO         6390    i.SPI_Flash_ReadSR  serialflash.o
    0x080064c4   0x0000000c   Code   RO         6391    i.SPI_Flash_Wait_Busy  serialflash.o
    0x080064d0   0x000000a4   Code   RO         6392    i.SPI_Flash_Write   serialflash.o
    0x08006574   0x0000003e   Code   RO         6393    i.SPI_Flash_Write_NoCheck  serialflash.o
    0x080065b2   0x00000002   PAD
    0x080065b4   0x00000060   Code   RO         6394    i.SPI_Flash_Write_Page  serialflash.o
    0x08006614   0x00000004   Code   RO         4186    i.SPI_ISCRCErrorValid  stm32f1xx_hal_spi_ex.o
    0x08006618   0x000000d6   Code   RO         4257    i.SPI_WaitOnFlagUntilTimeout  stm32f1xx_hal_spi.o
    0x080066ee   0x00000002   PAD
    0x080066f0   0x00000024   Code   RO         6395    i.SPIx_ReadWriteByte  serialflash.o
    0x08006714   0x00000010   Code   RO          755    i.STORAGE_GetCapacity_FS  usbd_storage_if.o
    0x08006724   0x00000004   Code   RO          756    i.STORAGE_GetMaxLun_FS  usbd_storage_if.o
    0x08006728   0x00000004   Code   RO          757    i.STORAGE_Init_FS   usbd_storage_if.o
    0x0800672c   0x00000004   Code   RO          758    i.STORAGE_IsReady_FS  usbd_storage_if.o
    0x08006730   0x00000004   Code   RO          759    i.STORAGE_IsWriteProtected_FS  usbd_storage_if.o
    0x08006734   0x00000018   Code   RO          760    i.STORAGE_Read_FS   usbd_storage_if.o
    0x0800674c   0x00000018   Code   RO          761    i.STORAGE_Write_FS  usbd_storage_if.o
    0x08006764   0x00000002   Code   RO          541    i.SVC_Handler       stm32f1xx_it.o
    0x08006766   0x00000002   PAD
    0x08006768   0x000001b4   Code   RO         5713    i.SendSMS           gsm.o
    0x0800691c   0x000000ac   Code   RO         6231    i.ShamsiToMiladi    rtc.o
    0x080069c8   0x000000b4   Code   RO         5714    i.SimChargeCat      gsm.o
    0x08006a7c   0x0000005a   Code   RO         5715    i.StrSearch         gsm.o
    0x08006ad6   0x0000005e   Code   RO         5716    i.StrSearch_P       gsm.o
    0x08006b34   0x0000000e   Code   RO          542    i.SysTick_Handler   stm32f1xx_it.o
    0x08006b42   0x00000002   PAD
    0x08006b44   0x000000b0   Code   RO          167    i.SystemClock_Config  main.o
    0x08006bf4   0x00000048   Code   RO           14    i.SystemInit        system_stm32f1xx.o
    0x08006c3c   0x0000000c   Code   RO          543    i.TIM2_IRQHandler   stm32f1xx_it.o
    0x08006c48   0x0000000c   Code   RO          544    i.TIM4_IRQHandler   stm32f1xx_it.o
    0x08006c54   0x00000064   Code   RO         1579    i.TIM_Base_SetConfig  stm32f1xx_hal_tim.o
    0x08006cb8   0x00000014   Code   RO         1586    i.TIM_ETR_SetConfig  stm32f1xx_hal_tim.o
    0x08006ccc   0x00000010   Code   RO         1587    i.TIM_ITRx_SetConfig  stm32f1xx_hal_tim.o
    0x08006cdc   0x00000022   Code   RO         1593    i.TIM_TI1_ConfigInputStage  stm32f1xx_hal_tim.o
    0x08006cfe   0x00000024   Code   RO         1595    i.TIM_TI2_ConfigInputStage  stm32f1xx_hal_tim.o
    0x08006d22   0x0000001e   Code   RO         3780    i.UART_DMAError     stm32f1xx_hal_uart.o
    0x08006d40   0x0000003a   Code   RO         3781    i.UART_DMAReceiveCplt  stm32f1xx_hal_uart.o
    0x08006d7a   0x0000000a   Code   RO         3782    i.UART_DMARxHalfCplt  stm32f1xx_hal_uart.o
    0x08006d84   0x0000019c   Code   RO         3787    i.UART_SetConfig    stm32f1xx_hal_uart.o
    0x08006f20   0x000000c6   Code   RO         3789    i.UART_WaitOnFlagUntilTimeout  stm32f1xx_hal_uart.o
    0x08006fe6   0x0000000e   Code   RO         5049    i.USBD_ClrClassConfig  usbd_core.o
    0x08006ff4   0x0000003c   Code   RO         5426    i.USBD_ClrFeature   usbd_ctlreq.o
    0x08007030   0x00000010   Code   RO         5366    i.USBD_CtlContinueRx  usbd_ioreq.o
    0x08007040   0x00000010   Code   RO         5367    i.USBD_CtlContinueSendData  usbd_ioreq.o
    0x08007050   0x00000018   Code   RO         5427    i.USBD_CtlError     usbd_ctlreq.o
    0x08007068   0x00000016   Code   RO         5369    i.USBD_CtlReceiveStatus  usbd_ioreq.o
    0x0800707e   0x0000001a   Code   RO         5370    i.USBD_CtlSendData  usbd_ioreq.o
    0x08007098   0x00000016   Code   RO         5371    i.USBD_CtlSendStatus  usbd_ioreq.o
    0x080070ae   0x00000002   PAD
    0x080070b0   0x00000030   Code   RO         1139    i.USBD_FS_ConfigStrDescriptor  usbd_desc.o
    0x080070e0   0x0000000c   Code   RO         1140    i.USBD_FS_DeviceDescriptor  usbd_desc.o
    0x080070ec   0x00000034   Code   RO         1141    i.USBD_FS_InterfaceStrDescriptor  usbd_desc.o
    0x08007120   0x0000000c   Code   RO         1142    i.USBD_FS_LangIDStrDescriptor  usbd_desc.o
    0x0800712c   0x00000028   Code   RO         1143    i.USBD_FS_ManufacturerStrDescriptor  usbd_desc.o
    0x08007154   0x00000038   Code   RO         1144    i.USBD_FS_ProductStrDescriptor  usbd_desc.o
    0x0800718c   0x00000034   Code   RO         1145    i.USBD_FS_SerialStrDescriptor  usbd_desc.o
    0x080071c0   0x00000030   Code   RO         5428    i.USBD_GetConfig    usbd_ctlreq.o
    0x080071f0   0x0000012e   Code   RO         5429    i.USBD_GetDescriptor  usbd_ctlreq.o
    0x0800731e   0x00000014   Code   RO         5430    i.USBD_GetLen       usbd_ctlreq.o
    0x08007332   0x00000028   Code   RO         5431    i.USBD_GetStatus    usbd_ctlreq.o
    0x0800735a   0x0000003c   Code   RO         5432    i.USBD_GetString    usbd_ctlreq.o
    0x08007396   0x0000002c   Code   RO         5051    i.USBD_Init         usbd_core.o
    0x080073c2   0x0000002c   Code   RO          850    i.USBD_LL_ClearStallEP  usbd_conf.o
    0x080073ee   0x0000002c   Code   RO          851    i.USBD_LL_CloseEP   usbd_conf.o
    0x0800741a   0x000000ba   Code   RO         5052    i.USBD_LL_DataInStage  usbd_core.o
    0x080074d4   0x0000006c   Code   RO         5053    i.USBD_LL_DataOutStage  usbd_core.o
    0x08007540   0x0000002c   Code   RO          854    i.USBD_LL_FlushEP   usbd_conf.o
    0x0800756c   0x00000008   Code   RO          855    i.USBD_LL_GetRxDataSize  usbd_conf.o
    0x08007574   0x0000008c   Code   RO          856    i.USBD_LL_Init      usbd_conf.o
    0x08007600   0x0000001e   Code   RO          857    i.USBD_LL_IsStallEP  usbd_conf.o
    0x0800761e   0x00000032   Code   RO          858    i.USBD_LL_OpenEP    usbd_conf.o
    0x08007650   0x0000002c   Code   RO          859    i.USBD_LL_PrepareReceive  usbd_conf.o
    0x0800767c   0x00000040   Code   RO         5058    i.USBD_LL_Reset     usbd_core.o
    0x080076bc   0x0000000c   Code   RO         5059    i.USBD_LL_Resume    usbd_core.o
    0x080076c8   0x00000018   Code   RO         5060    i.USBD_LL_SOF       usbd_core.o
    0x080076e0   0x00000006   Code   RO         5061    i.USBD_LL_SetSpeed  usbd_core.o
    0x080076e6   0x0000002c   Code   RO          860    i.USBD_LL_SetUSBAddress  usbd_conf.o
    0x08007712   0x0000005a   Code   RO         5062    i.USBD_LL_SetupStage  usbd_core.o
    0x0800776c   0x0000002c   Code   RO          861    i.USBD_LL_StallEP   usbd_conf.o
    0x08007798   0x0000002c   Code   RO          862    i.USBD_LL_Start     usbd_conf.o
    0x080077c4   0x00000014   Code   RO         5063    i.USBD_LL_Suspend   usbd_core.o
    0x080077d8   0x0000002c   Code   RO          864    i.USBD_LL_Transmit  usbd_conf.o
    0x08007804   0x0000000a   Code   RO         5521    i.USBD_MSC_DataIn   usbd_msc.o
    0x0800780e   0x0000000a   Code   RO         5522    i.USBD_MSC_DataOut  usbd_msc.o
    0x08007818   0x0000002e   Code   RO         5523    i.USBD_MSC_DeInit   usbd_msc.o
    0x08007846   0x00000002   PAD
    0x08007848   0x0000000c   Code   RO         5524    i.USBD_MSC_GetDeviceQualifierDescriptor  usbd_msc.o
    0x08007854   0x0000000c   Code   RO         5525    i.USBD_MSC_GetFSCfgDesc  usbd_msc.o
    0x08007860   0x0000000c   Code   RO         5526    i.USBD_MSC_GetHSCfgDesc  usbd_msc.o
    0x0800786c   0x0000000c   Code   RO         5527    i.USBD_MSC_GetOtherSpeedCfgDesc  usbd_msc.o
    0x08007878   0x0000005e   Code   RO         5528    i.USBD_MSC_Init     usbd_msc.o
    0x080078d6   0x0000000c   Code   RO         5529    i.USBD_MSC_RegisterStorage  usbd_msc.o
    0x080078e2   0x000000fe   Code   RO         5530    i.USBD_MSC_Setup    usbd_msc.o
    0x080079e0   0x00000028   Code   RO         5433    i.USBD_ParseSetupRequest  usbd_ctlreq.o
    0x08007a08   0x00000012   Code   RO         5064    i.USBD_RegisterClass  usbd_core.o
    0x08007a1a   0x00000004   Code   RO         5065    i.USBD_RunTestMode  usbd_core.o
    0x08007a1e   0x00000054   Code   RO         5434    i.USBD_SetAddress   usbd_ctlreq.o
    0x08007a72   0x00000018   Code   RO         5066    i.USBD_SetClassConfig  usbd_core.o
    0x08007a8a   0x00000002   PAD
    0x08007a8c   0x000000c4   Code   RO         5435    i.USBD_SetConfig    usbd_ctlreq.o
    0x08007b50   0x00000024   Code   RO         5436    i.USBD_SetFeature   usbd_ctlreq.o
    0x08007b74   0x0000000a   Code   RO         5067    i.USBD_Start        usbd_core.o
    0x08007b7e   0x0000004a   Code   RO         5437    i.USBD_StdDevReq    usbd_ctlreq.o
    0x08007bc8   0x00000120   Code   RO         5438    i.USBD_StdEPReq     usbd_ctlreq.o
    0x08007ce8   0x00000044   Code   RO         5439    i.USBD_StdItfReq    usbd_ctlreq.o
    0x08007d2c   0x00000002   Code   RO          865    i.USBD_static_free  usbd_conf.o
    0x08007d2e   0x00000002   PAD
    0x08007d30   0x00000008   Code   RO          866    i.USBD_static_malloc  usbd_conf.o
    0x08007d38   0x00000298   Code   RO         3993    i.USB_ActivateEndpoint  stm32f1xx_ll_usb.o
    0x08007fd0   0x00000004   Code   RO         3996    i.USB_CoreInit      stm32f1xx_ll_usb.o
    0x08007fd4   0x00000138   Code   RO         3998    i.USB_DeactivateEndpoint  stm32f1xx_ll_usb.o
    0x0800810c   0x00000004   Code   RO         3999    i.USB_DevConnect    stm32f1xx_ll_usb.o
    0x08008110   0x00000004   Code   RO         4000    i.USB_DevDisconnect  stm32f1xx_ll_usb.o
    0x08008114   0x00000012   Code   RO         4001    i.USB_DevInit       stm32f1xx_ll_usb.o
    0x08008126   0x0000000e   Code   RO         4002    i.USB_DisableGlobalInt  stm32f1xx_ll_usb.o
    0x08008134   0x00000004   Code   RO         4003    i.USB_EP0_OutStart  stm32f1xx_ll_usb.o
    0x08008138   0x0000007c   Code   RO         4004    i.USB_EPClearStall  stm32f1xx_ll_usb.o
    0x080081b4   0x00000054   Code   RO         4005    i.USB_EPSetStall    stm32f1xx_ll_usb.o
    0x08008208   0x0000020c   Code   RO         4006    i.USB_EPStartXfer   stm32f1xx_ll_usb.o
    0x08008414   0x0000000e   Code   RO         4007    i.USB_EnableGlobalInt  stm32f1xx_ll_usb.o
    0x08008422   0x00000004   Code   RO         4008    i.USB_FlushRxFifo   stm32f1xx_ll_usb.o
    0x08008426   0x00000004   Code   RO         4009    i.USB_FlushTxFifo   stm32f1xx_ll_usb.o
    0x0800842a   0x00000002   PAD
    0x0800842c   0x0000000c   Code   RO          545    i.USB_LP_CAN1_RX0_IRQHandler  stm32f1xx_it.o
    0x08008438   0x00000006   Code   RO         4014    i.USB_ReadInterrupts  stm32f1xx_ll_usb.o
    0x0800843e   0x00000020   Code   RO         4015    i.USB_ReadPMA       stm32f1xx_ll_usb.o
    0x0800845e   0x00000004   Code   RO         4017    i.USB_SetCurrentMode  stm32f1xx_ll_usb.o
    0x08008462   0x0000000e   Code   RO         4018    i.USB_SetDevAddress  stm32f1xx_ll_usb.o
    0x08008470   0x00000028   Code   RO         4020    i.USB_WritePMA      stm32f1xx_ll_usb.o
    0x08008498   0x00000004   Code   RO         1043    i.USER_initialize   user_diskio.o
    0x0800849c   0x00000026   Code   RO         1044    i.USER_ioctl        user_diskio.o
    0x080084c2   0x00000018   Code   RO         1045    i.USER_read         user_diskio.o
    0x080084da   0x00000004   Code   RO         1046    i.USER_status       user_diskio.o
    0x080084de   0x00000018   Code   RO         1047    i.USER_write        user_diskio.o
    0x080084f6   0x00000002   Code   RO          546    i.UsageFault_Handler  stm32f1xx_it.o
    0x080084f8   0x00000002   Code   RO          168    i._Error_Handler    main.o
    0x080084fa   0x00000002   PAD
    0x080084fc   0x00000028   Code   RO         6849    i.__0sprintf        mc_w.l(printfa.o)
    0x08008524   0x0000000e   Code   RO         6980    i.__scatterload_copy  mc_w.l(handlers.o)
    0x08008532   0x00000002   Code   RO         6981    i.__scatterload_null  mc_w.l(handlers.o)
    0x08008534   0x0000000e   Code   RO         6982    i.__scatterload_zeroinit  mc_w.l(handlers.o)
    0x08008542   0x00000002   PAD
    0x08008544   0x0000015c   Code   RO         6854    i._fp_digits        mc_w.l(printfa.o)
    0x080086a0   0x000006f0   Code   RO         6855    i._printf_core      mc_w.l(printfa.o)
    0x08008d90   0x00000026   Code   RO         6856    i._printf_post_padding  mc_w.l(printfa.o)
    0x08008db6   0x00000030   Code   RO         6857    i._printf_pre_padding  mc_w.l(printfa.o)
    0x08008de6   0x0000000a   Code   RO         6859    i._sputc            mc_w.l(printfa.o)
    0x08008df0   0x00000018   Code   RO         6233    i.bin2bcd           rtc.o
    0x08008e08   0x00000084   Code   RO         4678    i.check_fs          ff.o
    0x08008e8c   0x00000010   Code   RO         4679    i.chk_chr           ff.o
    0x08008e9c   0x00000070   Code   RO         4680    i.chk_lock          ff.o
    0x08008f0c   0x00000050   Code   RO         5606    i.clear_eeprom      eeprom_ext.o
    0x08008f5c   0x00000028   Code   RO         6485    i.clear_ir_flags    ir.o
    0x08008f84   0x00000024   Code   RO         4681    i.clear_lock        ff.o
    0x08008fa8   0x0000002c   Code   RO         4682    i.clmt_clust        ff.o
    0x08008fd4   0x0000001e   Code   RO         4683    i.clust2sect        ff.o
    0x08008ff2   0x000000ba   Code   RO         4684    i.create_chain      ff.o
    0x080090ac   0x00000118   Code   RO         4685    i.create_name       ff.o
    0x080091c4   0x00000038   Code   RO         4686    i.dec_lock          ff.o
    0x080091fc   0x00000020   Code   RO         6193    i.delayms           my_delay.o
    0x0800921c   0x00000012   Code   RO         6194    i.delayus           my_delay.o
    0x0800922e   0x0000004a   Code   RO         4687    i.dir_alloc         ff.o
    0x08009278   0x00000050   Code   RO         4688    i.dir_find          ff.o
    0x080092c8   0x00000136   Code   RO         4689    i.dir_next          ff.o
    0x080093fe   0x00000044   Code   RO         4691    i.dir_register      ff.o
    0x08009442   0x000000a8   Code   RO         4693    i.dir_sdi           ff.o
    0x080094ea   0x00000002   PAD
    0x080094ec   0x0000002c   Code   RO         4623    i.disk_initialize   diskio.o
    0x08009518   0x0000001c   Code   RO         4624    i.disk_ioctl        diskio.o
    0x08009534   0x0000001c   Code   RO         4625    i.disk_read         diskio.o
    0x08009550   0x00000018   Code   RO         4626    i.disk_status       diskio.o
    0x08009568   0x0000001c   Code   RO         4627    i.disk_write        diskio.o
    0x08009584   0x000001e0   Code   RO         6062    i.display           main_func.o
    0x08009764   0x00000028   Code   RO         4694    i.enq_lock          ff.o
    0x0800978c   0x00000024   Code   RO         6063    i.enter_critical_section  main_func.o
    0x080097b0   0x00000024   Code   RO         6065    i.exit_critical_section  main_func.o
    0x080097d4   0x0000002c   Code   RO         4696    i.f_close           ff.o
    0x08009800   0x000002be   Code   RO         4700    i.f_lseek           ff.o
    0x08009abe   0x00000002   PAD
    0x08009ac0   0x00000060   Code   RO         4703    i.f_mount           ff.o
    0x08009b20   0x00000198   Code   RO         4704    i.f_open            ff.o
    0x08009cb8   0x000001aa   Code   RO         4709    i.f_read            ff.o
    0x08009e62   0x000000ae   Code   RO         4713    i.f_sync            ff.o
    0x08009f10   0x000001fa   Code   RO         4717    i.f_write           ff.o
    0x0800a10a   0x00000002   PAD
    0x0800a10c   0x00000318   Code   RO         4718    i.find_volume       ff.o
    0x0800a424   0x00000014   Code   RO         5718    i.flush_buf         gsm.o
    0x0800a438   0x00000076   Code   RO         4719    i.follow_path       ff.o
    0x0800a4ae   0x000000d8   Code   RO         4720    i.get_fat           ff.o
    0x0800a586   0x00000004   Code   RO          720    i.get_fattime       fatfs.o
    0x0800a58a   0x00000042   Code   RO         4722    i.get_ldnumber      ff.o
    0x0800a5cc   0x000000ac   Code   RO         4723    i.inc_lock          ff.o
    0x0800a678   0x000000b4   Code   RO         6486    i.input_number      ir.o
    0x0800a72c   0x00000020   Code   RO         4724    i.ld_clust          ff.o
    0x0800a74c   0x00000b74   Code   RO         6487    i.loadSettingSD     ir.o
    0x0800b2c0   0x000001b8   Code   RO         6066    i.log_data          main_func.o
    0x0800b478   0x0000001c   Code   RO         5719    i.lowercase         gsm.o
    0x0800b494   0x000002cc   Code   RO          169    i.main              main.o
    0x0800b760   0x000004b4   Code   RO         6068    i.main_init         main_func.o
    0x0800bc14   0x00000018   Code   RO         4725    i.mem_cmp           ff.o
    0x0800bc2c   0x00000010   Code   RO         4726    i.mem_cpy           ff.o
    0x0800bc3c   0x0000000e   Code   RO         4727    i.mem_set           ff.o
    0x0800bc4a   0x00000002   PAD
    0x0800bc4c   0x00000334   Code   RO         6488    i.menu_prog         ir.o
    0x0800bf80   0x00000038   Code   RO         4728    i.move_window       ff.o
    0x0800bfb8   0x00000022   Code   RO         6321    i.parity_check      sdi12.o
    0x0800bfda   0x00000002   PAD
    0x0800bfdc   0x000002d0   Code   RO         6489    i.pass_change       ir.o
    0x0800c2ac   0x00000234   Code   RO         6490    i.processing_ir_keypad  ir.o
    0x0800c4e0   0x00000104   Code   RO         4729    i.put_fat           ff.o
    0x0800c5e4   0x0000000a   Code   RO         5607    i.read_exteeprom_ary  eeprom_ext.o
    0x0800c5ee   0x00000002   PAD
    0x0800c5f0   0x00000018   Code   RO         5608    i.read_exteeprom_byte  eeprom_ext.o
    0x0800c608   0x00000014   Code   RO         5609    i.read_exteeprom_dword  eeprom_ext.o
    0x0800c61c   0x00000010   Code   RO         5610    i.read_exteeprom_float  eeprom_ext.o
    0x0800c62c   0x00000018   Code   RO         5611    i.read_exteeprom_word  eeprom_ext.o
    0x0800c644   0x0000007c   Code   RO         6069    i.read_water_level  main_func.o
    0x0800c6c0   0x00000072   Code   RO         4731    i.remove_chain      ff.o
    0x0800c732   0x00000002   PAD
    0x0800c734   0x00000038   Code   RO         6234    i.rtc_gettime       rtc.o
    0x0800c76c   0x00000044   Code   RO         6235    i.rtc_gettime_shamsi  rtc.o
    0x0800c7b0   0x00000028   Code   RO         6236    i.rtc_init          rtc.o
    0x0800c7d8   0x0000006c   Code   RO         6237    i.rtc_settime       rtc.o
    0x0800c844   0x0000004c   Code   RO         6238    i.rtc_settime_shamsi  rtc.o
    0x0800c890   0x00000234   Code   RO         6491    i.scan_key          ir.o
    0x0800cac4   0x00000030   Code   RO         6322    i.sdi_dir_in        sdi12.o
    0x0800caf4   0x00000034   Code   RO         6323    i.sdi_dir_out       sdi12.o
    0x0800cb28   0x0000007c   Code   RO         6492    i.select            ir.o
    0x0800cba4   0x00000170   Code   RO         6493    i.setup_prog        ir.o
    0x0800cd14   0x00000010   Code   RO         4732    i.st_clust          ff.o
    0x0800cd24   0x00000164   Code   RO         6494    i.st_setting        ir.o
    0x0800ce88   0x00000026   Code   RO         5720    i.strcopy           gsm.o
    0x0800ceae   0x00000040   Code   RO         6071    i.strtolong         main_func.o
    0x0800ceee   0x000000bc   Code   RO         4733    i.sync_fs           ff.o
    0x0800cfaa   0x00000062   Code   RO         4734    i.sync_window       ff.o
    0x0800d00c   0x00000088   Code   RO         6324    i.thali_readresp    sdi12.o
    0x0800d094   0x00000068   Code   RO         6325    i.thali_sendchar    sdi12.o
    0x0800d0fc   0x00000044   Code   RO         6326    i.thali_sendcmd     sdi12.o
    0x0800d140   0x00000294   Code   RO         6495    i.time_setting      ir.o
    0x0800d3d4   0x00000704   Code   RO         5721    i.upload_file       gsm.o
    0x0800dad8   0x0000059c   Code   RO         5722    i.upload_instant    gsm.o
    0x0800e074   0x00000032   Code   RO         4735    i.validate          ff.o
    0x0800e0a6   0x00000002   Code   RO         6073    i.wdt_refresh       main_func.o
    0x0800e0a8   0x00000010   Code   RO         5613    i.write_exteeprom_ary  eeprom_ext.o
    0x0800e0b8   0x0000000e   Code   RO         5614    i.write_exteeprom_byte  eeprom_ext.o
    0x0800e0c6   0x0000000e   Code   RO         5615    i.write_exteeprom_dword  eeprom_ext.o
    0x0800e0d4   0x0000000e   Code   RO         5616    i.write_exteeprom_float  eeprom_ext.o
    0x0800e0e2   0x0000000e   Code   RO         5617    i.write_exteeprom_word  eeprom_ext.o
    0x0800e0f0   0x00000010   Data   RO           15    .constdata          system_stm32f1xx.o
    0x0800e100   0x00000008   Data   RO           16    .constdata          system_stm32f1xx.o
    0x0800e108   0x00000004   Data   RO          205    .constdata          main.o
    0x0800e10c   0x00000006   Data   RO          206    .constdata          main.o
    0x0800e112   0x0000000e   Data   RO          207    .constdata          main.o
    0x0800e120   0x00000024   Data   RO          762    .constdata          usbd_storage_if.o
    0x0800e144   0x000000ac   Data   RO         4737    .constdata          ff.o
    0x0800e1f0   0x00000007   Data   RO         5023    .constdata          usbd_msc_data.o
    0x0800e1f7   0x00000008   Data   RO         5024    .constdata          usbd_msc_data.o
    0x0800e1ff   0x00000008   Data   RO         5025    .constdata          usbd_msc_data.o
    0x0800e207   0x00000090   Data   RO         5723    .constdata          gsm.o
    0x0800e297   0x0000003f   Data   RO         5923    .constdata          lcdlib.o
    0x0800e2d6   0x00000002   PAD
    0x0800e2d8   0x00000048   Data   RO         6239    .constdata          rtc.o
    0x0800e320   0x000001b1   Data   RO         6498    .constdata          ir.o
    0x0800e4d1   0x00000003   PAD
    0x0800e4d4   0x00000020   Data   RO         6978    Region$$Table       anon$$obj.o


    Execution Region RW_IRAM1 (Base: 0x20000000, Size: 0x000029c0, Max: 0x00005000, ABSOLUTE, COMPRESSED[0x000000d8])

    Base Addr    Size         Type   Attr      Idx    E Section Name        Object

    0x20000000   0x00000004   Data   RW           17    .data               system_stm32f1xx.o
    0x20000004   0x0000001e   Data   RW          208    .data               main.o
    0x20000022   0x00000002   Data   RW          210    .data               main.o
    0x20000024   0x00000002   Data   RW          211    .data               main.o
    0x20000026   0x00000002   PAD
    0x20000028   0x0000002c   Data   RW          242    .data               main.o
    0x20000054   0x00000008   Data   RW          243    .data               main.o
    0x2000005c   0x00000001   Data   RW          245    .data               main.o
    0x2000005d   0x00000001   Data   RW          248    .data               main.o
    0x2000005e   0x00000001   Data   RW          249    .data               main.o
    0x2000005f   0x00000001   Data   RW          250    .data               main.o
    0x20000060   0x00000001   Data   RW          251    .data               main.o
    0x20000061   0x00000001   Data   RW          252    .data               main.o
    0x20000062   0x00000001   Data   RW          253    .data               main.o
    0x20000063   0x00000001   Data   RW          255    .data               main.o
    0x20000064   0x00000001   Data   RW          257    .data               main.o
    0x20000065   0x00000001   Data   RW          258    .data               main.o
    0x20000066   0x00000001   Data   RW          259    .data               main.o
    0x20000067   0x00000001   Data   RW          260    .data               main.o
    0x20000068   0x00000001   Data   RW          262    .data               main.o
    0x20000069   0x00000001   PAD
    0x2000006a   0x00000002   Data   RW          266    .data               main.o
    0x2000006c   0x00000002   Data   RW          267    .data               main.o
    0x2000006e   0x00000002   Data   RW          268    .data               main.o
    0x20000070   0x00000002   Data   RW          269    .data               main.o
    0x20000072   0x00000002   Data   RW          272    .data               main.o
    0x20000074   0x00000002   Data   RW          273    .data               main.o
    0x20000076   0x00000001   Data   RW          274    .data               main.o
    0x20000077   0x00000001   Data   RW          276    .data               main.o
    0x20000078   0x00000001   Data   RW          277    .data               main.o
    0x20000079   0x00000001   Data   RW          280    .data               main.o
    0x2000007a   0x00000001   Data   RW          282    .data               main.o
    0x2000007b   0x00000001   Data   RW          284    .data               main.o
    0x2000007c   0x00000002   Data   RW          287    .data               main.o
    0x2000007e   0x00000002   Data   RW          288    .data               main.o
    0x20000080   0x00000002   Data   RW          290    .data               main.o
    0x20000082   0x00000002   Data   RW          291    .data               main.o
    0x20000084   0x00000002   Data   RW          300    .data               main.o
    0x20000086   0x00000002   PAD
    0x20000088   0x00000004   Data   RW          314    .data               main.o
    0x2000008c   0x00000004   Data   RW          315    .data               main.o
    0x20000090   0x00000004   Data   RW          316    .data               main.o
    0x20000094   0x00000004   Data   RW          317    .data               main.o
    0x20000098   0x00000004   Data   RW          318    .data               main.o
    0x2000009c   0x00000004   Data   RW          319    .data               main.o
    0x200000a0   0x00000001   Data   RW          321    .data               main.o
    0x200000a1   0x00000001   PAD
    0x200000a2   0x00000002   Data   RW          322    .data               main.o
    0x200000a4   0x00000002   Data   RW          324    .data               main.o
    0x200000a6   0x00000001   Data   RW          325    .data               main.o
    0x200000a7   0x00000001   Data   RW          333    .data               main.o
    0x200000a8   0x00000002   Data   RW          334    .data               main.o
    0x200000aa   0x00000002   Data   RW          335    .data               main.o
    0x200000ac   0x00000002   Data   RW          336    .data               main.o
    0x200000ae   0x00000002   Data   RW          337    .data               main.o
    0x200000b0   0x00000002   Data   RW          338    .data               main.o
    0x200000b2   0x00000002   Data   RW          339    .data               main.o
    0x200000b4   0x00000002   Data   RW          340    .data               main.o
    0x200000b6   0x00000002   Data   RW          341    .data               main.o
    0x200000b8   0x00000002   Data   RW          342    .data               main.o
    0x200000ba   0x00000002   Data   RW          343    .data               main.o
    0x200000bc   0x00000002   Data   RW          344    .data               main.o
    0x200000be   0x00000002   Data   RW          347    .data               main.o
    0x200000c0   0x00000002   Data   RW          348    .data               main.o
    0x200000c2   0x00000002   PAD
    0x200000c4   0x00000004   Data   RW          351    .data               main.o
    0x200000c8   0x00000001   Data   RW          357    .data               main.o
    0x200000c9   0x00000001   Data   RW          358    .data               main.o
    0x200000ca   0x00000001   Data   RW          376    .data               main.o
    0x200000cb   0x00000001   Data   RW          377    .data               main.o
    0x200000cc   0x00000001   Data   RW          378    .data               main.o
    0x200000cd   0x00000001   Data   RW          386    .data               main.o
    0x200000ce   0x00000002   Data   RW          387    .data               main.o
    0x200000d0   0x00000002   Data   RW          388    .data               main.o
    0x200000d2   0x00000002   Data   RW          389    .data               main.o
    0x200000d4   0x00000001   Data   RW          390    .data               main.o
    0x200000d5   0x00000001   Data   RW          391    .data               main.o
    0x200000d6   0x00000004   Data   RW          396    .data               main.o
    0x200000da   0x00000001   Data   RW          397    .data               main.o
    0x200000db   0x00000001   PAD
    0x200000dc   0x00000004   Data   RW          399    .data               main.o
    0x200000e0   0x00000005   Data   RW          721    .data               fatfs.o
    0x200000e5   0x00000003   PAD
    0x200000e8   0x00000020   Data   RW          763    .data               usbd_storage_if.o
    0x20000108   0x00000014   Data   RW         1048    .data               user_diskio.o
    0x2000011c   0x0000001c   Data   RW         1147    .data               usbd_desc.o
    0x20000138   0x00000016   Data   RW         1148    .data               usbd_desc.o
    0x2000014e   0x00000002   PAD
    0x20000150   0x00000004   Data   RW         2386    .data               stm32f1xx_hal.o
    0x20000154   0x00000001   Data   RW         4187    .data               stm32f1xx_hal_spi_ex.o
    0x20000155   0x00000003   PAD
    0x20000158   0x00000008   Data   RW         4738    .data               ff.o
    0x20000160   0x00000001   Data   RW         5440    .data               usbd_ctlreq.o
    0x20000161   0x00000003   PAD
    0x20000164   0x00000038   Data   RW         5531    .data               usbd_msc.o
    0x2000019c   0x0000006a   Data   RW         5532    .data               usbd_msc.o
    0x20000206   0x00000004   Data   RW         5618    .data               eeprom_ext.o
    0x2000020a   0x00000004   Data   RW         5864    .data               interrupt.o
    0x2000020e   0x00000001   Data   RW         5924    .data               lcdlib.o
    0x2000020f   0x00000001   PAD
    0x20000210   0x00000030   Data   RW         6075    .data               main_func.o
    0x20000240   0x00000014   Data   RW         6240    .data               rtc.o
    0x20000254   0x00000008   Data   RW         6499    .data               ir.o
    0x2000025c   0x00000588   Zero   RW          170    .bss                main.o
    0x200007e4   0x00000014   Zero   RW          171    .bss                main.o
    0x200007f8   0x00000038   Zero   RW          172    .bss                main.o
    0x20000830   0x00000050   Zero   RW          175    .bss                main.o
    0x20000880   0x0000051e   Zero   RW          178    .bss                main.o
    0x20000d9e   0x00000032   Zero   RW          179    .bss                main.o
    0x20000dd0   0x0000001e   Zero   RW          180    .bss                main.o
    0x20000dee   0x00000014   Zero   RW          181    .bss                main.o
    0x20000e02   0x00000032   Zero   RW          182    .bss                main.o
    0x20000e34   0x00000064   Zero   RW          183    .bss                main.o
    0x20000e98   0x0000001e   Zero   RW          184    .bss                main.o
    0x20000eb6   0x00000014   Zero   RW          187    .bss                main.o
    0x20000eca   0x00000064   Zero   RW          192    .bss                main.o
    0x20000f2e   0x00000014   Zero   RW          194    .bss                main.o
    0x20000f42   0x0000001e   Zero   RW          195    .bss                main.o
    0x20000f60   0x000000fa   Zero   RW          196    .bss                main.o
    0x2000105a   0x0000001e   Zero   RW          197    .bss                main.o
    0x20001078   0x0000000a   Zero   RW          198    .bss                main.o
    0x20001082   0x00000014   Zero   RW          199    .bss                main.o
    0x20001096   0x00000002   PAD
    0x20001098   0x00000230   Zero   RW          200    .bss                main.o
    0x200012c8   0x00000458   Zero   RW          202    .bss                main.o
    0x20001720   0x00000690   Zero   RW          867    .bss                usbd_conf.o
    0x20001db0   0x00000224   Zero   RW         1102    .bss                usb_device.o
    0x20001fd4   0x00000200   Zero   RW         1146    .bss                usbd_desc.o
    0x200021d4   0x0000000c   Zero   RW         4546    .bss                ff_gen_drv.o
    0x200021e0   0x00000018   Zero   RW         4736    .bss                ff.o
    0x200021f8   0x00000010   Zero   RW         6327    .bss                sdi12.o
    0x20002208   0x0000020a   Zero   RW         6397    .bss                serialflash.o
    0x20002412   0x000001ae   Zero   RW         6497    .bss                ir.o
    0x200025c0   0x00000400   Zero   RW            1    STACK               startup_stm32f103xb.o


==============================================================================

Image component sizes


      Code (inc. data)   RO Data    RW Data    ZI Data      Debug   Object Name

       152         26          0          0          0       3245   diskio.o
       246         10          0          4          0       5918   eeprom_ext.o
        32         10          0          5          0       1158   fatfs.o
      6220         66        172          8         24      35913   ff.o
        70          4          0          0         12       1403   ff_gen_drv.o
      9674       2784        144          0          0      18390   gsm.o
       756        166          0          4          0       1743   interrupt.o
      7328       1266        433          8        430      15381   ir.o
       902         40         63          1          0       7333   lcdlib.o
      1730        256         24        211       5314      27375   main.o
      3358        912          0         48          0       8137   main_func.o
        74          6          0          0          0       1423   my_delay.o
       790         42         72         20          0       6196   rtc.o
       522         42          0          0         16       4491   sdi12.o
       690         54          0          0        522       6204   serialflash.o
        36          8        236          0       1024        744   startup_stm32f103xb.o
       120         16          0          4          0       3210   stm32f1xx_hal.o
       806         22          0          0          0       3040   stm32f1xx_hal_adc.o
       292         32          0          0          0      27643   stm32f1xx_hal_cortex.o
       786          6          0          0          0       3415   stm32f1xx_hal_dma.o
       742         56          0          0          0       3714   stm32f1xx_hal_gpio.o
       100          0          0          0          0       1451   stm32f1xx_hal_iwdg.o
       556         96          0          0          0       3213   stm32f1xx_hal_msp.o
      1934          0          0          0          0      10156   stm32f1xx_hal_pcd.o
        54          0          0          0          0       1086   stm32f1xx_hal_pcd_ex.o
      2236         86          0          0          0       5948   stm32f1xx_hal_rcc.o
       296         12          0          0          0       1260   stm32f1xx_hal_rcc_ex.o
      1898          0          0          0          0       5239   stm32f1xx_hal_spi.o
       144          6          0          1          0       1684   stm32f1xx_hal_spi_ex.o
       934         14          0          0          0       8395   stm32f1xx_hal_tim.o
        84          0          0          0          0       2030   stm32f1xx_hal_tim_ex.o
      1166         18          0          0          0       7204   stm32f1xx_hal_uart.o
        78         24          0          0          0       4850   stm32f1xx_it.o
      1874          0          0          0          0      13363   stm32f1xx_ll_usb.o
        72         16         24          4          0     491743   system_stm32f1xx.o
        56         18          0          0        548        592   usb_device.o
       776         50          0          0       1680      12639   usbd_conf.o
       624          0          0          0          0       8879   usbd_core.o
      1340         30          0          1          0       9892   usbd_ctlreq.o
       272        112          0         50        512       4623   usbd_desc.o
       102          0          0          0          0       3332   usbd_ioreq.o
       474         16          0        162          0       8392   usbd_msc.o
       628         10          0          0          0       6985   usbd_msc_bot.o
         0          0         23          0          0        777   usbd_msc_data.o
      1578         14          0          0          0      12379   usbd_msc_scsi.o
        80          0         36         32          0       8692   usbd_storage_if.o
        94          0          0         20          0       2940   user_diskio.o

    ----------------------------------------------------------------------
     52832       6346       1264        604      10084     823820   Object Totals
         0          0         32          0          0          0   (incl. Generated)
        56          0          5         21          2          0   (incl. Padding)

    ----------------------------------------------------------------------

      Code (inc. data)   RO Data    RW Data    ZI Data      Debug   Library Member Name

        92          0          0          0          0          0   __dczerorl2.o
         0          0          0          0          0          0   entry.o
         0          0          0          0          0          0   entry10a.o
         0          0          0          0          0          0   entry11a.o
         8          4          0          0          0          0   entry2.o
         4          0          0          0          0          0   entry5.o
         0          0          0          0          0          0   entry7b.o
         0          0          0          0          0          0   entry8b.o
         8          4          0          0          0          0   entry9a.o
        30          0          0          0          0          0   handlers.o
        36          8          0          0          0         68   init.o
         0          0          0          0          0          0   iusefp.o
        30          0          0          0          0         68   llshl.o
        36          0          0          0          0         68   llsshr.o
        32          0          0          0          0         68   llushr.o
        26          0          0          0          0         80   memcmp.o
        36          0          0          0          0         68   memcpya.o
      2260         86          0          0          0        512   printfa.o
        24          0          0          0          0         68   strcat.o
        28          0          0          0          0         76   strcmp.o
        18          0          0          0          0         68   strcpy.o
        14          0          0          0          0         68   strlen.o
        44          0          0          0          0         80   uidiv.o
        98          0          0          0          0         92   uldiv.o
        40          2          0          0          0         68   cdrcmple.o
        20          0          0          0          0         68   cfcmple.o
       334          0          0          0          0        148   dadd.o
       222          0          0          0          0        100   ddiv.o
       190          0          0          0          0        176   depilogue.o
        48          0          0          0          0         68   dfixul.o
       228          0          0          0          0         96   dmul.o
        38          0          0          0          0         68   f2d.o
       176          0          0          0          0        140   fadd.o
       128          0          0          0          0         88   fdiv.o
       108          0          0          0          0        168   fepilogue.o
        40          0          0          0          0         68   ffixui.o
        10          0          0          0          0         68   ffltui.o
       108          0          0          0          0         76   fmul.o

    ----------------------------------------------------------------------
      4516        104          0          0          0       2784   Library Totals
         2          0          0          0          0          0   (incl. Padding)

    ----------------------------------------------------------------------

      Code (inc. data)   RO Data    RW Data    ZI Data      Debug   Library Name

      2824        102          0          0          0       1384   mc_w.l
      1690          2          0          0          0       1400   mf_w.l

    ----------------------------------------------------------------------
      4516        104          0          0          0       2784   Library Totals

    ----------------------------------------------------------------------

==============================================================================


      Code (inc. data)   RO Data    RW Data    ZI Data      Debug   

     57348       6450       1264        604      10084     805336   Grand Totals
     57348       6450       1264        216      10084     805336   ELF Image Totals (compressed)
     57348       6450       1264        216          0          0   ROM Totals

==============================================================================

    Total RO  Size (Code + RO Data)                58612 (  57.24kB)
    Total RW  Size (RW Data + ZI Data)             10688 (  10.44kB)
    Total ROM Size (Code + RO Data + RW Data)      58828 (  57.45kB)

==============================================================================

